[0.647s] Invoking command in '/home/yoon/yoon_urdf/src/urdf_tuto': PYTHONPATH=/home/yoon/yoon_urdf/build/urdf_tuto/prefix_override:/usr/lib/python3/dist-packages/colcon_core/task/python/colcon_distutils_commands:/home/yoon/yoon_urdf/install/urdf_tuto/lib/python3.10/site-packages:${PYTHONPATH} /usr/bin/python3 -W ignore:setup.py install is deprecated -W ignore:easy_install command is deprecated setup.py egg_info --egg-base ../../build/urdf_tuto build --build-base /home/yoon/yoon_urdf/build/urdf_tuto/build install --record /home/yoon/yoon_urdf/build/urdf_tuto/install.log --single-version-externally-managed install_data
[0.844s] running egg_info
[0.844s] writing ../../build/urdf_tuto/urdf_tuto.egg-info/PKG-INFO
[0.844s] writing dependency_links to ../../build/urdf_tuto/urdf_tuto.egg-info/dependency_links.txt
[0.844s] writing entry points to ../../build/urdf_tuto/urdf_tuto.egg-info/entry_points.txt
[0.844s] writing requirements to ../../build/urdf_tuto/urdf_tuto.egg-info/requires.txt
[0.844s] writing top-level names to ../../build/urdf_tuto/urdf_tuto.egg-info/top_level.txt
[0.846s] reading manifest file '../../build/urdf_tuto/urdf_tuto.egg-info/SOURCES.txt'
[0.848s] writing manifest file '../../build/urdf_tuto/urdf_tuto.egg-info/SOURCES.txt'
[0.848s] running build
[0.848s] running build_py
[0.848s] creating /home/yoon/yoon_urdf/build/urdf_tuto/build/lib/fire_detect
[0.848s] copying fire_detect/roboflow_test.py -> /home/yoon/yoon_urdf/build/urdf_tuto/build/lib/fire_detect
[0.848s] copying fire_detect/__init__.py -> /home/yoon/yoon_urdf/build/urdf_tuto/build/lib/fire_detect
[0.848s] copying fire_detect/fire_detector.py -> /home/yoon/yoon_urdf/build/urdf_tuto/build/lib/fire_detect
[0.849s] running install
[0.849s] running install_lib
[0.849s] creating /home/yoon/yoon_urdf/install/urdf_tuto/lib/python3.10/site-packages/fire_detect
[0.850s] copying /home/yoon/yoon_urdf/build/urdf_tuto/build/lib/fire_detect/roboflow_test.py -> /home/yoon/yoon_urdf/install/urdf_tuto/lib/python3.10/site-packages/fire_detect
[0.850s] copying /home/yoon/yoon_urdf/build/urdf_tuto/build/lib/fire_detect/__init__.py -> /home/yoon/yoon_urdf/install/urdf_tuto/lib/python3.10/site-packages/fire_detect
[0.850s] copying /home/yoon/yoon_urdf/build/urdf_tuto/build/lib/fire_detect/fire_detector.py -> /home/yoon/yoon_urdf/install/urdf_tuto/lib/python3.10/site-packages/fire_detect
[0.850s] byte-compiling /home/yoon/yoon_urdf/install/urdf_tuto/lib/python3.10/site-packages/fire_detect/roboflow_test.py to roboflow_test.cpython-310.pyc
[0.850s] byte-compiling /home/yoon/yoon_urdf/install/urdf_tuto/lib/python3.10/site-packages/fire_detect/__init__.py to __init__.cpython-310.pyc
[0.851s] byte-compiling /home/yoon/yoon_urdf/install/urdf_tuto/lib/python3.10/site-packages/fire_detect/fire_detector.py to fire_detector.cpython-310.pyc
[0.851s] running install_data
[0.852s] copying fire_detect/__init__.py -> /home/yoon/yoon_urdf/install/urdf_tuto/share/urdf_tuto/fire_detect
[0.852s] running install_egg_info
[0.854s] removing '/home/yoon/yoon_urdf/install/urdf_tuto/lib/python3.10/site-packages/urdf_tuto-0.0.0-py3.10.egg-info' (and everything under it)
[0.854s] Copying ../../build/urdf_tuto/urdf_tuto.egg-info to /home/yoon/yoon_urdf/install/urdf_tuto/lib/python3.10/site-packages/urdf_tuto-0.0.0-py3.10.egg-info
[0.854s] running install_scripts
[0.868s] Installing fire_detector script to /home/yoon/yoon_urdf/install/urdf_tuto/lib/urdf_tuto
[0.868s] Installing yolo_detector script to /home/yoon/yoon_urdf/install/urdf_tuto/lib/urdf_tuto
[0.868s] writing list of installed files to '/home/yoon/yoon_urdf/build/urdf_tuto/install.log'
[0.884s] Invoked command in '/home/yoon/yoon_urdf/src/urdf_tuto' returned '0': PYTHONPATH=/home/yoon/yoon_urdf/build/urdf_tuto/prefix_override:/usr/lib/python3/dist-packages/colcon_core/task/python/colcon_distutils_commands:/home/yoon/yoon_urdf/install/urdf_tuto/lib/python3.10/site-packages:${PYTHONPATH} /usr/bin/python3 -W ignore:setup.py install is deprecated -W ignore:easy_install command is deprecated setup.py egg_info --egg-base ../../build/urdf_tuto build --build-base /home/yoon/yoon_urdf/build/urdf_tuto/build install --record /home/yoon/yoon_urdf/build/urdf_tuto/install.log --single-version-externally-managed install_data
