running egg_info
creating ../../build/yoon_urdf/yoon_urdf.egg-info
writing ../../build/yoon_urdf/yoon_urdf.egg-info/PKG-INFO
writing dependency_links to ../../build/yoon_urdf/yoon_urdf.egg-info/dependency_links.txt
writing entry points to ../../build/yoon_urdf/yoon_urdf.egg-info/entry_points.txt
writing requirements to ../../build/yoon_urdf/yoon_urdf.egg-info/requires.txt
writing top-level names to ../../build/yoon_urdf/yoon_urdf.egg-info/top_level.txt
writing manifest file '../../build/yoon_urdf/yoon_urdf.egg-info/SOURCES.txt'
reading manifest file '../../build/yoon_urdf/yoon_urdf.egg-info/SOURCES.txt'
writing manifest file '../../build/yoon_urdf/yoon_urdf.egg-info/SOURCES.txt'
running build
running build_py
creating /home/yoon/yoon_urdf/build/yoon_urdf/build
creating /home/yoon/yoon_urdf/build/yoon_urdf/build/lib
creating /home/yoon/yoon_urdf/build/yoon_urdf/build/lib/yoon_urdf
copying yoon_urdf/__init__.py -> /home/yoon/yoon_urdf/build/yoon_urdf/build/lib/yoon_urdf
running install
running install_lib
creating /home/yoon/yoon_urdf/install/yoon_urdf/lib/python3.10/site-packages/yoon_urdf
copying /home/yoon/yoon_urdf/build/yoon_urdf/build/lib/yoon_urdf/__init__.py -> /home/yoon/yoon_urdf/install/yoon_urdf/lib/python3.10/site-packages/yoon_urdf
byte-compiling /home/yoon/yoon_urdf/install/yoon_urdf/lib/python3.10/site-packages/yoon_urdf/__init__.py to __init__.cpython-310.pyc
running install_data
creating /home/yoon/yoon_urdf/install/yoon_urdf/share/ament_index
creating /home/yoon/yoon_urdf/install/yoon_urdf/share/ament_index/resource_index
creating /home/yoon/yoon_urdf/install/yoon_urdf/share/ament_index/resource_index/packages
copying resource/yoon_urdf -> /home/yoon/yoon_urdf/install/yoon_urdf/share/ament_index/resource_index/packages
copying package.xml -> /home/yoon/yoon_urdf/install/yoon_urdf/share/yoon_urdf
running install_egg_info
Copying ../../build/yoon_urdf/yoon_urdf.egg-info to /home/yoon/yoon_urdf/install/yoon_urdf/lib/python3.10/site-packages/yoon_urdf-0.0.0-py3.10.egg-info
running install_scripts
writing list of installed files to '/home/yoon/yoon_urdf/build/yoon_urdf/install.log'
