[0.634s] Invoking command in '/home/yoon/yoon_urdf/src/yoon_urdf': PYTHONPATH=/home/yoon/yoon_urdf/build/yoon_urdf/prefix_override:/usr/lib/python3/dist-packages/colcon_core/task/python/colcon_distutils_commands:/home/yoon/yoon_urdf/install/yoon_urdf/lib/python3.10/site-packages:${PYTHONPATH} /usr/bin/python3 -W ignore:setup.py install is deprecated -W ignore:easy_install command is deprecated setup.py egg_info --egg-base ../../build/yoon_urdf build --build-base /home/yoon/yoon_urdf/build/yoon_urdf/build install --record /home/yoon/yoon_urdf/build/yoon_urdf/install.log --single-version-externally-managed install_data
[0.809s] running egg_info
[0.809s] creating ../../build/yoon_urdf/yoon_urdf.egg-info
[0.809s] writing ../../build/yoon_urdf/yoon_urdf.egg-info/PKG-INFO
[0.809s] writing dependency_links to ../../build/yoon_urdf/yoon_urdf.egg-info/dependency_links.txt
[0.809s] writing entry points to ../../build/yoon_urdf/yoon_urdf.egg-info/entry_points.txt
[0.809s] writing requirements to ../../build/yoon_urdf/yoon_urdf.egg-info/requires.txt
[0.810s] writing top-level names to ../../build/yoon_urdf/yoon_urdf.egg-info/top_level.txt
[0.810s] writing manifest file '../../build/yoon_urdf/yoon_urdf.egg-info/SOURCES.txt'
[0.811s] reading manifest file '../../build/yoon_urdf/yoon_urdf.egg-info/SOURCES.txt'
[0.811s] writing manifest file '../../build/yoon_urdf/yoon_urdf.egg-info/SOURCES.txt'
[0.811s] running build
[0.811s] running build_py
[0.811s] creating /home/yoon/yoon_urdf/build/yoon_urdf/build
[0.811s] creating /home/yoon/yoon_urdf/build/yoon_urdf/build/lib
[0.811s] creating /home/yoon/yoon_urdf/build/yoon_urdf/build/lib/yoon_urdf
[0.811s] copying yoon_urdf/__init__.py -> /home/yoon/yoon_urdf/build/yoon_urdf/build/lib/yoon_urdf
[0.811s] running install
[0.812s] running install_lib
[0.812s] creating /home/yoon/yoon_urdf/install/yoon_urdf/lib/python3.10/site-packages/yoon_urdf
[0.812s] copying /home/yoon/yoon_urdf/build/yoon_urdf/build/lib/yoon_urdf/__init__.py -> /home/yoon/yoon_urdf/install/yoon_urdf/lib/python3.10/site-packages/yoon_urdf
[0.813s] byte-compiling /home/yoon/yoon_urdf/install/yoon_urdf/lib/python3.10/site-packages/yoon_urdf/__init__.py to __init__.cpython-310.pyc
[0.813s] running install_data
[0.813s] creating /home/yoon/yoon_urdf/install/yoon_urdf/share/ament_index
[0.813s] creating /home/yoon/yoon_urdf/install/yoon_urdf/share/ament_index/resource_index
[0.813s] creating /home/yoon/yoon_urdf/install/yoon_urdf/share/ament_index/resource_index/packages
[0.813s] copying resource/yoon_urdf -> /home/yoon/yoon_urdf/install/yoon_urdf/share/ament_index/resource_index/packages
[0.813s] copying package.xml -> /home/yoon/yoon_urdf/install/yoon_urdf/share/yoon_urdf
[0.813s] running install_egg_info
[0.814s] Copying ../../build/yoon_urdf/yoon_urdf.egg-info to /home/yoon/yoon_urdf/install/yoon_urdf/lib/python3.10/site-packages/yoon_urdf-0.0.0-py3.10.egg-info
[0.815s] running install_scripts
[0.828s] writing list of installed files to '/home/yoon/yoon_urdf/build/yoon_urdf/install.log'
[0.843s] Invoked command in '/home/yoon/yoon_urdf/src/yoon_urdf' returned '0': PYTHONPATH=/home/yoon/yoon_urdf/build/yoon_urdf/prefix_override:/usr/lib/python3/dist-packages/colcon_core/task/python/colcon_distutils_commands:/home/yoon/yoon_urdf/install/yoon_urdf/lib/python3.10/site-packages:${PYTHONPATH} /usr/bin/python3 -W ignore:setup.py install is deprecated -W ignore:easy_install command is deprecated setup.py egg_info --egg-base ../../build/yoon_urdf build --build-base /home/yoon/yoon_urdf/build/yoon_urdf/build install --record /home/yoon/yoon_urdf/build/yoon_urdf/install.log --single-version-externally-managed install_data
