/home/yoon/.local/lib/python3.10/site-packages/setuptools/_distutils/dist.py:287: UserWarning: Unknown distribution option: 'tests_require'
  warnings.warn(msg)
running egg_info
creating ../../build/urdf_tuto/urdf_tuto.egg-info
writing ../../build/urdf_tuto/urdf_tuto.egg-info/PKG-INFO
writing dependency_links to ../../build/urdf_tuto/urdf_tuto.egg-info/dependency_links.txt
writing entry points to ../../build/urdf_tuto/urdf_tuto.egg-info/entry_points.txt
writing requirements to ../../build/urdf_tuto/urdf_tuto.egg-info/requires.txt
writing top-level names to ../../build/urdf_tuto/urdf_tuto.egg-info/top_level.txt
writing manifest file '../../build/urdf_tuto/urdf_tuto.egg-info/SOURCES.txt'
reading manifest file '../../build/urdf_tuto/urdf_tuto.egg-info/SOURCES.txt'
writing manifest file '../../build/urdf_tuto/urdf_tuto.egg-info/SOURCES.txt'
running build
running build_py
creating /home/yoon/yoon_urdf/build/urdf_tuto/build/lib/urdf_tuto
copying urdf_tuto/__init__.py -> /home/yoon/yoon_urdf/build/urdf_tuto/build/lib/urdf_tuto
creating /home/yoon/yoon_urdf/build/urdf_tuto/build/lib/yolo
copying yolo/yolo_detector.py -> /home/yoon/yoon_urdf/build/urdf_tuto/build/lib/yolo
copying yolo/fire_detector.py -> /home/yoon/yoon_urdf/build/urdf_tuto/build/lib/yolo
copying yolo/roboflow_test.py -> /home/yoon/yoon_urdf/build/urdf_tuto/build/lib/yolo
copying yolo/__init__.py -> /home/yoon/yoon_urdf/build/urdf_tuto/build/lib/yolo
running install
running install_lib
creating /home/yoon/yoon_urdf/install/urdf_tuto/lib/python3.10/site-packages/urdf_tuto
copying /home/yoon/yoon_urdf/build/urdf_tuto/build/lib/urdf_tuto/__init__.py -> /home/yoon/yoon_urdf/install/urdf_tuto/lib/python3.10/site-packages/urdf_tuto
creating /home/yoon/yoon_urdf/install/urdf_tuto/lib/python3.10/site-packages/yolo
copying /home/yoon/yoon_urdf/build/urdf_tuto/build/lib/yolo/yolo_detector.py -> /home/yoon/yoon_urdf/install/urdf_tuto/lib/python3.10/site-packages/yolo
copying /home/yoon/yoon_urdf/build/urdf_tuto/build/lib/yolo/fire_detector.py -> /home/yoon/yoon_urdf/install/urdf_tuto/lib/python3.10/site-packages/yolo
copying /home/yoon/yoon_urdf/build/urdf_tuto/build/lib/yolo/roboflow_test.py -> /home/yoon/yoon_urdf/install/urdf_tuto/lib/python3.10/site-packages/yolo
copying /home/yoon/yoon_urdf/build/urdf_tuto/build/lib/yolo/__init__.py -> /home/yoon/yoon_urdf/install/urdf_tuto/lib/python3.10/site-packages/yolo
byte-compiling /home/yoon/yoon_urdf/install/urdf_tuto/lib/python3.10/site-packages/urdf_tuto/__init__.py to __init__.cpython-310.pyc
byte-compiling /home/yoon/yoon_urdf/install/urdf_tuto/lib/python3.10/site-packages/yolo/yolo_detector.py to yolo_detector.cpython-310.pyc
byte-compiling /home/yoon/yoon_urdf/install/urdf_tuto/lib/python3.10/site-packages/yolo/fire_detector.py to fire_detector.cpython-310.pyc
byte-compiling /home/yoon/yoon_urdf/install/urdf_tuto/lib/python3.10/site-packages/yolo/roboflow_test.py to roboflow_test.cpython-310.pyc
byte-compiling /home/yoon/yoon_urdf/install/urdf_tuto/lib/python3.10/site-packages/yolo/__init__.py to __init__.cpython-310.pyc
running install_data
creating /home/yoon/yoon_urdf/install/urdf_tuto/share/ament_index/resource_index/packages
copying resource/urdf_tuto -> /home/yoon/yoon_urdf/install/urdf_tuto/share/ament_index/resource_index/packages
copying package.xml -> /home/yoon/yoon_urdf/install/urdf_tuto/share/urdf_tuto
creating /home/yoon/yoon_urdf/install/urdf_tuto/share/urdf_tuto/launch
copying launch/robot_3.launch.py -> /home/yoon/yoon_urdf/install/urdf_tuto/share/urdf_tuto/launch
copying launch/robot_1.launch.py -> /home/yoon/yoon_urdf/install/urdf_tuto/share/urdf_tuto/launch
copying launch/robot_2.launch.py -> /home/yoon/yoon_urdf/install/urdf_tuto/share/urdf_tuto/launch
copying launch/launch_sim.launch.py -> /home/yoon/yoon_urdf/install/urdf_tuto/share/urdf_tuto/launch
creating /home/yoon/yoon_urdf/install/urdf_tuto/share/urdf_tuto/urdf
copying urdf/robot_1.xacro -> /home/yoon/yoon_urdf/install/urdf_tuto/share/urdf_tuto/urdf
copying urdf/robot_2.xacro -> /home/yoon/yoon_urdf/install/urdf_tuto/share/urdf_tuto/urdf
copying urdf/macro.xacro -> /home/yoon/yoon_urdf/install/urdf_tuto/share/urdf_tuto/urdf
copying urdf/robot_3.xacro -> /home/yoon/yoon_urdf/install/urdf_tuto/share/urdf_tuto/urdf
copying urdf/gazebo.xacro -> /home/yoon/yoon_urdf/install/urdf_tuto/share/urdf_tuto/urdf
creating /home/yoon/yoon_urdf/install/urdf_tuto/share/urdf_tuto/world
copying world/cyberzoo2019_orange_poles.world -> /home/yoon/yoon_urdf/install/urdf_tuto/share/urdf_tuto/world
copying world/fetchit_challenge_tests_lowlights.world -> /home/yoon/yoon_urdf/install/urdf_tuto/share/urdf_tuto/world
copying world/outdoor.world -> /home/yoon/yoon_urdf/install/urdf_tuto/share/urdf_tuto/world
copying world/test_zone.world -> /home/yoon/yoon_urdf/install/urdf_tuto/share/urdf_tuto/world
copying world/city_osm_roundabout.world -> /home/yoon/yoon_urdf/install/urdf_tuto/share/urdf_tuto/world
copying world/drone_race_track_2018_actual_with_gatepapers.world -> /home/yoon/yoon_urdf/install/urdf_tuto/share/urdf_tuto/world
copying world/fetchit_challenge_assembly.world -> /home/yoon/yoon_urdf/install/urdf_tuto/share/urdf_tuto/world
copying world/hemicyl.world -> /home/yoon/yoon_urdf/install/urdf_tuto/share/urdf_tuto/world
copying world/small_city.world -> /home/yoon/yoon_urdf/install/urdf_tuto/share/urdf_tuto/world
copying world/canyonview_field.world -> /home/yoon/yoon_urdf/install/urdf_tuto/share/urdf_tuto/world
copying world/fetchit_challenge_simple.world -> /home/yoon/yoon_urdf/install/urdf_tuto/share/urdf_tuto/world
copying world/simple_env_2.world -> /home/yoon/yoon_urdf/install/urdf_tuto/share/urdf_tuto/world
copying world/obstacle.world -> /home/yoon/yoon_urdf/install/urdf_tuto/share/urdf_tuto/world
copying world/wall_aerial_manipulation.world -> /home/yoon/yoon_urdf/install/urdf_tuto/share/urdf_tuto/world
copying world/cyberzoo_4_panels.world -> /home/yoon/yoon_urdf/install/urdf_tuto/share/urdf_tuto/world
copying world/simple_env_1.world -> /home/yoon/yoon_urdf/install/urdf_tuto/share/urdf_tuto/world
copying world/office_env_large.world -> /home/yoon/yoon_urdf/install/urdf_tuto/share/urdf_tuto/world
copying world/cyberzoo2019_orange_poles_panels.world -> /home/yoon/yoon_urdf/install/urdf_tuto/share/urdf_tuto/world
copying world/office_small.world -> /home/yoon/yoon_urdf/install/urdf_tuto/share/urdf_tuto/world
copying world/waypoint.world -> /home/yoon/yoon_urdf/install/urdf_tuto/share/urdf_tuto/world
copying world/fetchit_challenge_arena_montreal2019_onlylights.world -> /home/yoon/yoon_urdf/install/urdf_tuto/share/urdf_tuto/world
copying world/fetchit_challenge_arena_montreal2019.world -> /home/yoon/yoon_urdf/install/urdf_tuto/share/urdf_tuto/world
copying world/azcar.world -> /home/yoon/yoon_urdf/install/urdf_tuto/share/urdf_tuto/world
copying world/office_cpr_construction.world -> /home/yoon/yoon_urdf/install/urdf_tuto/share/urdf_tuto/world
copying world/cyberzoo.world -> /home/yoon/yoon_urdf/install/urdf_tuto/share/urdf_tuto/world
copying world/office_cpr.world -> /home/yoon/yoon_urdf/install/urdf_tuto/share/urdf_tuto/world
copying world/skidpan.world -> /home/yoon/yoon_urdf/install/urdf_tuto/share/urdf_tuto/world
copying world/cyberzoo_panel.world -> /home/yoon/yoon_urdf/install/urdf_tuto/share/urdf_tuto/world
copying world/cyberzoo_orange_poles.world -> /home/yoon/yoon_urdf/install/urdf_tuto/share/urdf_tuto/world
copying world/drone_race_track_2018_actual.world -> /home/yoon/yoon_urdf/install/urdf_tuto/share/urdf_tuto/world
copying world/test_city.world -> /home/yoon/yoon_urdf/install/urdf_tuto/share/urdf_tuto/world
copying world/fetchit_challenge_simple_highlights.world -> /home/yoon/yoon_urdf/install/urdf_tuto/share/urdf_tuto/world
copying world/office_earthquake.world -> /home/yoon/yoon_urdf/install/urdf_tuto/share/urdf_tuto/world
copying world/powerplant.world -> /home/yoon/yoon_urdf/install/urdf_tuto/share/urdf_tuto/world
copying world/fetchit_challenge_tests.world -> /home/yoon/yoon_urdf/install/urdf_tuto/share/urdf_tuto/world
copying world/city_osm_roundabout_combined.world -> /home/yoon/yoon_urdf/install/urdf_tuto/share/urdf_tuto/world
copying world/barrels.world -> /home/yoon/yoon_urdf/install/urdf_tuto/share/urdf_tuto/world
copying world/cyberzoo2019_orange_poles_panels_mats.world -> /home/yoon/yoon_urdf/install/urdf_tuto/share/urdf_tuto/world
copying world/workshop_example.world -> /home/yoon/yoon_urdf/install/urdf_tuto/share/urdf_tuto/world
copying world/simple_env_3.world -> /home/yoon/yoon_urdf/install/urdf_tuto/share/urdf_tuto/world
copying world/cyberzoo2019_ralphthesis2020.world -> /home/yoon/yoon_urdf/install/urdf_tuto/share/urdf_tuto/world
copying world/neighborhood.world -> /home/yoon/yoon_urdf/install/urdf_tuto/share/urdf_tuto/world
copying world/fetchit_challenge_arena_montreal2019_highlights.world -> /home/yoon/yoon_urdf/install/urdf_tuto/share/urdf_tuto/world
copying world/yosemite.world -> /home/yoon/yoon_urdf/install/urdf_tuto/share/urdf_tuto/world
copying world/fetchit_challenge_atrezzo.world -> /home/yoon/yoon_urdf/install/urdf_tuto/share/urdf_tuto/world
copying world/asdfasdfasd.world -> /home/yoon/yoon_urdf/install/urdf_tuto/share/urdf_tuto/world
copying world/agriculture.world -> /home/yoon/yoon_urdf/install/urdf_tuto/share/urdf_tuto/world
copying world/empty_aerial_manipulation.world -> /home/yoon/yoon_urdf/install/urdf_tuto/share/urdf_tuto/world
copying world/inspection.world -> /home/yoon/yoon_urdf/install/urdf_tuto/share/urdf_tuto/world
copying world/rubble.world -> /home/yoon/yoon_urdf/install/urdf_tuto/share/urdf_tuto/world
copying world/warehouse.world -> /home/yoon/yoon_urdf/install/urdf_tuto/share/urdf_tuto/world
copying world/house.world -> /home/yoon/yoon_urdf/install/urdf_tuto/share/urdf_tuto/world
creating /home/yoon/yoon_urdf/install/urdf_tuto/share/urdf_tuto/config
copying config/robot1.rviz -> /home/yoon/yoon_urdf/install/urdf_tuto/share/urdf_tuto/config
copying config/robot2.rviz -> /home/yoon/yoon_urdf/install/urdf_tuto/share/urdf_tuto/config
creating /home/yoon/yoon_urdf/install/urdf_tuto/share/urdf_tuto/yolo
copying yolo/yolov8n.pt -> /home/yoon/yoon_urdf/install/urdf_tuto/share/urdf_tuto/yolo
running install_egg_info
Copying ../../build/urdf_tuto/urdf_tuto.egg-info to /home/yoon/yoon_urdf/install/urdf_tuto/lib/python3.10/site-packages/urdf_tuto-0.0.0-py3.10.egg-info
running install_scripts
Installing fire_detector script to /home/yoon/yoon_urdf/install/urdf_tuto/lib/urdf_tuto
Installing yolo_detector script to /home/yoon/yoon_urdf/install/urdf_tuto/lib/urdf_tuto
writing list of installed files to '/home/yoon/yoon_urdf/build/urdf_tuto/install.log'
