[0.899s] Invoking command in '/home/yoon/yoon_urdf/src/urdf_tuto': PYTHONPATH=/home/yoon/yoon_urdf/build/urdf_tuto/prefix_override:/usr/lib/python3/dist-packages/colcon_core/task/python/colcon_distutils_commands:/home/yoon/yoon_urdf/install/urdf_tuto/lib/python3.10/site-packages:${PYTHONPATH} /usr/bin/python3 -W ignore:setup.py install is deprecated -W ignore:easy_install command is deprecated setup.py egg_info --egg-base ../../build/urdf_tuto build --build-base /home/yoon/yoon_urdf/build/urdf_tuto/build install --record /home/yoon/yoon_urdf/build/urdf_tuto/install.log --single-version-externally-managed install_data
[1.082s] /home/yoon/.local/lib/python3.10/site-packages/setuptools/_distutils/dist.py:287: UserWarning: Unknown distribution option: 'tests_require'
[1.082s]   warnings.warn(msg)
[1.253s] running egg_info
[1.277s] creating ../../build/urdf_tuto/urdf_tuto.egg-info
[1.277s] writing ../../build/urdf_tuto/urdf_tuto.egg-info/PKG-INFO
[1.278s] writing dependency_links to ../../build/urdf_tuto/urdf_tuto.egg-info/dependency_links.txt
[1.278s] writing entry points to ../../build/urdf_tuto/urdf_tuto.egg-info/entry_points.txt
[1.278s] writing requirements to ../../build/urdf_tuto/urdf_tuto.egg-info/requires.txt
[1.278s] writing top-level names to ../../build/urdf_tuto/urdf_tuto.egg-info/top_level.txt
[1.278s] writing manifest file '../../build/urdf_tuto/urdf_tuto.egg-info/SOURCES.txt'
[1.337s] reading manifest file '../../build/urdf_tuto/urdf_tuto.egg-info/SOURCES.txt'
[1.338s] writing manifest file '../../build/urdf_tuto/urdf_tuto.egg-info/SOURCES.txt'
[1.338s] running build
[1.338s] running build_py
[1.339s] creating /home/yoon/yoon_urdf/build/urdf_tuto/build/lib/urdf_tuto
[1.339s] copying urdf_tuto/__init__.py -> /home/yoon/yoon_urdf/build/urdf_tuto/build/lib/urdf_tuto
[1.340s] creating /home/yoon/yoon_urdf/build/urdf_tuto/build/lib/yolo
[1.340s] copying yolo/yolo_detector.py -> /home/yoon/yoon_urdf/build/urdf_tuto/build/lib/yolo
[1.340s] copying yolo/fire_detector.py -> /home/yoon/yoon_urdf/build/urdf_tuto/build/lib/yolo
[1.340s] copying yolo/roboflow_test.py -> /home/yoon/yoon_urdf/build/urdf_tuto/build/lib/yolo
[1.341s] copying yolo/__init__.py -> /home/yoon/yoon_urdf/build/urdf_tuto/build/lib/yolo
[1.341s] running install
[1.346s] running install_lib
[1.372s] creating /home/yoon/yoon_urdf/install/urdf_tuto/lib/python3.10/site-packages/urdf_tuto
[1.373s] copying /home/yoon/yoon_urdf/build/urdf_tuto/build/lib/urdf_tuto/__init__.py -> /home/yoon/yoon_urdf/install/urdf_tuto/lib/python3.10/site-packages/urdf_tuto
[1.373s] creating /home/yoon/yoon_urdf/install/urdf_tuto/lib/python3.10/site-packages/yolo
[1.373s] copying /home/yoon/yoon_urdf/build/urdf_tuto/build/lib/yolo/yolo_detector.py -> /home/yoon/yoon_urdf/install/urdf_tuto/lib/python3.10/site-packages/yolo
[1.373s] copying /home/yoon/yoon_urdf/build/urdf_tuto/build/lib/yolo/fire_detector.py -> /home/yoon/yoon_urdf/install/urdf_tuto/lib/python3.10/site-packages/yolo
[1.373s] copying /home/yoon/yoon_urdf/build/urdf_tuto/build/lib/yolo/roboflow_test.py -> /home/yoon/yoon_urdf/install/urdf_tuto/lib/python3.10/site-packages/yolo
[1.373s] copying /home/yoon/yoon_urdf/build/urdf_tuto/build/lib/yolo/__init__.py -> /home/yoon/yoon_urdf/install/urdf_tuto/lib/python3.10/site-packages/yolo
[1.374s] byte-compiling /home/yoon/yoon_urdf/install/urdf_tuto/lib/python3.10/site-packages/urdf_tuto/__init__.py to __init__.cpython-310.pyc
[1.374s] byte-compiling /home/yoon/yoon_urdf/install/urdf_tuto/lib/python3.10/site-packages/yolo/yolo_detector.py to yolo_detector.cpython-310.pyc
[1.374s] byte-compiling /home/yoon/yoon_urdf/install/urdf_tuto/lib/python3.10/site-packages/yolo/fire_detector.py to fire_detector.cpython-310.pyc
[1.378s] byte-compiling /home/yoon/yoon_urdf/install/urdf_tuto/lib/python3.10/site-packages/yolo/roboflow_test.py to roboflow_test.cpython-310.pyc
[1.378s] byte-compiling /home/yoon/yoon_urdf/install/urdf_tuto/lib/python3.10/site-packages/yolo/__init__.py to __init__.cpython-310.pyc
[1.378s] running install_data
[1.378s] creating /home/yoon/yoon_urdf/install/urdf_tuto/share/ament_index/resource_index/packages
[1.379s] copying resource/urdf_tuto -> /home/yoon/yoon_urdf/install/urdf_tuto/share/ament_index/resource_index/packages
[1.379s] copying package.xml -> /home/yoon/yoon_urdf/install/urdf_tuto/share/urdf_tuto
[1.379s] creating /home/yoon/yoon_urdf/install/urdf_tuto/share/urdf_tuto/launch
[1.379s] copying launch/robot_3.launch.py -> /home/yoon/yoon_urdf/install/urdf_tuto/share/urdf_tuto/launch
[1.379s] copying launch/robot_1.launch.py -> /home/yoon/yoon_urdf/install/urdf_tuto/share/urdf_tuto/launch
[1.379s] copying launch/robot_2.launch.py -> /home/yoon/yoon_urdf/install/urdf_tuto/share/urdf_tuto/launch
[1.379s] copying launch/launch_sim.launch.py -> /home/yoon/yoon_urdf/install/urdf_tuto/share/urdf_tuto/launch
[1.379s] creating /home/yoon/yoon_urdf/install/urdf_tuto/share/urdf_tuto/urdf
[1.379s] copying urdf/robot_1.xacro -> /home/yoon/yoon_urdf/install/urdf_tuto/share/urdf_tuto/urdf
[1.379s] copying urdf/robot_2.xacro -> /home/yoon/yoon_urdf/install/urdf_tuto/share/urdf_tuto/urdf
[1.379s] copying urdf/macro.xacro -> /home/yoon/yoon_urdf/install/urdf_tuto/share/urdf_tuto/urdf
[1.379s] copying urdf/robot_3.xacro -> /home/yoon/yoon_urdf/install/urdf_tuto/share/urdf_tuto/urdf
[1.379s] copying urdf/gazebo.xacro -> /home/yoon/yoon_urdf/install/urdf_tuto/share/urdf_tuto/urdf
[1.379s] creating /home/yoon/yoon_urdf/install/urdf_tuto/share/urdf_tuto/world
[1.379s] copying world/cyberzoo2019_orange_poles.world -> /home/yoon/yoon_urdf/install/urdf_tuto/share/urdf_tuto/world
[1.388s] copying world/fetchit_challenge_tests_lowlights.world -> /home/yoon/yoon_urdf/install/urdf_tuto/share/urdf_tuto/world
[1.389s] copying world/outdoor.world -> /home/yoon/yoon_urdf/install/urdf_tuto/share/urdf_tuto/world
[1.389s] copying world/test_zone.world -> /home/yoon/yoon_urdf/install/urdf_tuto/share/urdf_tuto/world
[1.390s] copying world/city_osm_roundabout.world -> /home/yoon/yoon_urdf/install/urdf_tuto/share/urdf_tuto/world
[1.391s] copying world/drone_race_track_2018_actual_with_gatepapers.world -> /home/yoon/yoon_urdf/install/urdf_tuto/share/urdf_tuto/world
[1.391s] copying world/fetchit_challenge_assembly.world -> /home/yoon/yoon_urdf/install/urdf_tuto/share/urdf_tuto/world
[1.392s] copying world/hemicyl.world -> /home/yoon/yoon_urdf/install/urdf_tuto/share/urdf_tuto/world
[1.392s] copying world/small_city.world -> /home/yoon/yoon_urdf/install/urdf_tuto/share/urdf_tuto/world
[1.394s] copying world/canyonview_field.world -> /home/yoon/yoon_urdf/install/urdf_tuto/share/urdf_tuto/world
[1.395s] copying world/fetchit_challenge_simple.world -> /home/yoon/yoon_urdf/install/urdf_tuto/share/urdf_tuto/world
[1.396s] copying world/simple_env_2.world -> /home/yoon/yoon_urdf/install/urdf_tuto/share/urdf_tuto/world
[1.397s] copying world/obstacle.world -> /home/yoon/yoon_urdf/install/urdf_tuto/share/urdf_tuto/world
[1.397s] copying world/wall_aerial_manipulation.world -> /home/yoon/yoon_urdf/install/urdf_tuto/share/urdf_tuto/world
[1.397s] copying world/cyberzoo_4_panels.world -> /home/yoon/yoon_urdf/install/urdf_tuto/share/urdf_tuto/world
[1.398s] copying world/simple_env_1.world -> /home/yoon/yoon_urdf/install/urdf_tuto/share/urdf_tuto/world
[1.399s] copying world/office_env_large.world -> /home/yoon/yoon_urdf/install/urdf_tuto/share/urdf_tuto/world
[1.404s] copying world/cyberzoo2019_orange_poles_panels.world -> /home/yoon/yoon_urdf/install/urdf_tuto/share/urdf_tuto/world
[1.405s] copying world/office_small.world -> /home/yoon/yoon_urdf/install/urdf_tuto/share/urdf_tuto/world
[1.405s] copying world/waypoint.world -> /home/yoon/yoon_urdf/install/urdf_tuto/share/urdf_tuto/world
[1.406s] copying world/fetchit_challenge_arena_montreal2019_onlylights.world -> /home/yoon/yoon_urdf/install/urdf_tuto/share/urdf_tuto/world
[1.406s] copying world/fetchit_challenge_arena_montreal2019.world -> /home/yoon/yoon_urdf/install/urdf_tuto/share/urdf_tuto/world
[1.407s] copying world/azcar.world -> /home/yoon/yoon_urdf/install/urdf_tuto/share/urdf_tuto/world
[1.407s] copying world/office_cpr_construction.world -> /home/yoon/yoon_urdf/install/urdf_tuto/share/urdf_tuto/world
[1.408s] copying world/cyberzoo.world -> /home/yoon/yoon_urdf/install/urdf_tuto/share/urdf_tuto/world
[1.408s] copying world/office_cpr.world -> /home/yoon/yoon_urdf/install/urdf_tuto/share/urdf_tuto/world
[1.409s] copying world/skidpan.world -> /home/yoon/yoon_urdf/install/urdf_tuto/share/urdf_tuto/world
[1.410s] copying world/cyberzoo_panel.world -> /home/yoon/yoon_urdf/install/urdf_tuto/share/urdf_tuto/world
[1.410s] copying world/cyberzoo_orange_poles.world -> /home/yoon/yoon_urdf/install/urdf_tuto/share/urdf_tuto/world
[1.414s] copying world/drone_race_track_2018_actual.world -> /home/yoon/yoon_urdf/install/urdf_tuto/share/urdf_tuto/world
[1.414s] copying world/test_city.world -> /home/yoon/yoon_urdf/install/urdf_tuto/share/urdf_tuto/world
[1.414s] copying world/fetchit_challenge_simple_highlights.world -> /home/yoon/yoon_urdf/install/urdf_tuto/share/urdf_tuto/world
[1.414s] copying world/office_earthquake.world -> /home/yoon/yoon_urdf/install/urdf_tuto/share/urdf_tuto/world
[1.418s] copying world/powerplant.world -> /home/yoon/yoon_urdf/install/urdf_tuto/share/urdf_tuto/world
[1.419s] copying world/fetchit_challenge_tests.world -> /home/yoon/yoon_urdf/install/urdf_tuto/share/urdf_tuto/world
[1.419s] copying world/city_osm_roundabout_combined.world -> /home/yoon/yoon_urdf/install/urdf_tuto/share/urdf_tuto/world
[1.420s] copying world/barrels.world -> /home/yoon/yoon_urdf/install/urdf_tuto/share/urdf_tuto/world
[1.421s] copying world/cyberzoo2019_orange_poles_panels_mats.world -> /home/yoon/yoon_urdf/install/urdf_tuto/share/urdf_tuto/world
[1.421s] copying world/workshop_example.world -> /home/yoon/yoon_urdf/install/urdf_tuto/share/urdf_tuto/world
[1.422s] copying world/simple_env_3.world -> /home/yoon/yoon_urdf/install/urdf_tuto/share/urdf_tuto/world
[1.423s] copying world/cyberzoo2019_ralphthesis2020.world -> /home/yoon/yoon_urdf/install/urdf_tuto/share/urdf_tuto/world
[1.423s] copying world/neighborhood.world -> /home/yoon/yoon_urdf/install/urdf_tuto/share/urdf_tuto/world
[1.424s] copying world/fetchit_challenge_arena_montreal2019_highlights.world -> /home/yoon/yoon_urdf/install/urdf_tuto/share/urdf_tuto/world
[1.424s] copying world/yosemite.world -> /home/yoon/yoon_urdf/install/urdf_tuto/share/urdf_tuto/world
[1.425s] copying world/fetchit_challenge_atrezzo.world -> /home/yoon/yoon_urdf/install/urdf_tuto/share/urdf_tuto/world
[1.426s] copying world/asdfasdfasd.world -> /home/yoon/yoon_urdf/install/urdf_tuto/share/urdf_tuto/world
[1.426s] copying world/agriculture.world -> /home/yoon/yoon_urdf/install/urdf_tuto/share/urdf_tuto/world
[1.426s] copying world/empty_aerial_manipulation.world -> /home/yoon/yoon_urdf/install/urdf_tuto/share/urdf_tuto/world
[1.427s] copying world/inspection.world -> /home/yoon/yoon_urdf/install/urdf_tuto/share/urdf_tuto/world
[1.427s] copying world/rubble.world -> /home/yoon/yoon_urdf/install/urdf_tuto/share/urdf_tuto/world
[1.428s] copying world/warehouse.world -> /home/yoon/yoon_urdf/install/urdf_tuto/share/urdf_tuto/world
[1.428s] copying world/house.world -> /home/yoon/yoon_urdf/install/urdf_tuto/share/urdf_tuto/world
[1.428s] creating /home/yoon/yoon_urdf/install/urdf_tuto/share/urdf_tuto/config
[1.428s] copying config/robot1.rviz -> /home/yoon/yoon_urdf/install/urdf_tuto/share/urdf_tuto/config
[1.428s] copying config/robot2.rviz -> /home/yoon/yoon_urdf/install/urdf_tuto/share/urdf_tuto/config
[1.432s] creating /home/yoon/yoon_urdf/install/urdf_tuto/share/urdf_tuto/yolo
[1.432s] copying yolo/yolov8n.pt -> /home/yoon/yoon_urdf/install/urdf_tuto/share/urdf_tuto/yolo
[1.437s] running install_egg_info
[1.465s] Copying ../../build/urdf_tuto/urdf_tuto.egg-info to /home/yoon/yoon_urdf/install/urdf_tuto/lib/python3.10/site-packages/urdf_tuto-0.0.0-py3.10.egg-info
[1.466s] running install_scripts
[1.520s] Installing fire_detector script to /home/yoon/yoon_urdf/install/urdf_tuto/lib/urdf_tuto
[1.520s] Installing yolo_detector script to /home/yoon/yoon_urdf/install/urdf_tuto/lib/urdf_tuto
[1.521s] writing list of installed files to '/home/yoon/yoon_urdf/build/urdf_tuto/install.log'
[1.550s] Invoked command in '/home/yoon/yoon_urdf/src/urdf_tuto' returned '0': PYTHONPATH=/home/yoon/yoon_urdf/build/urdf_tuto/prefix_override:/usr/lib/python3/dist-packages/colcon_core/task/python/colcon_distutils_commands:/home/yoon/yoon_urdf/install/urdf_tuto/lib/python3.10/site-packages:${PYTHONPATH} /usr/bin/python3 -W ignore:setup.py install is deprecated -W ignore:easy_install command is deprecated setup.py egg_info --egg-base ../../build/urdf_tuto build --build-base /home/yoon/yoon_urdf/build/urdf_tuto/build install --record /home/yoon/yoon_urdf/build/urdf_tuto/install.log --single-version-externally-managed install_data
