[0.815s] Invoking command in '/home/yoon/yoon_urdf/src/urdf_tuto': PYTHONPATH=/home/yoon/yoon_urdf/build/urdf_tuto/prefix_override:/usr/lib/python3/dist-packages/colcon_core/task/python/colcon_distutils_commands:/home/yoon/yoon_urdf/install/urdf_tuto/lib/python3.10/site-packages:${PYTHONPATH} /usr/bin/python3 -W ignore:setup.py install is deprecated -W ignore:easy_install command is deprecated setup.py egg_info --egg-base ../../build/urdf_tuto build --build-base /home/yoon/yoon_urdf/build/urdf_tuto/build install --record /home/yoon/yoon_urdf/build/urdf_tuto/install.log --single-version-externally-managed install_data
[0.946s] /home/yoon/.local/lib/python3.10/site-packages/setuptools/_distutils/dist.py:287: UserWarning: Unknown distribution option: 'tests_require'
[0.947s]   warnings.warn(msg)
[1.055s] running egg_info
[1.073s] writing ../../build/urdf_tuto/urdf_tuto.egg-info/PKG-INFO
[1.074s] writing dependency_links to ../../build/urdf_tuto/urdf_tuto.egg-info/dependency_links.txt
[1.075s] writing entry points to ../../build/urdf_tuto/urdf_tuto.egg-info/entry_points.txt
[1.075s] writing requirements to ../../build/urdf_tuto/urdf_tuto.egg-info/requires.txt
[1.076s] writing top-level names to ../../build/urdf_tuto/urdf_tuto.egg-info/top_level.txt
[1.116s] reading manifest file '../../build/urdf_tuto/urdf_tuto.egg-info/SOURCES.txt'
[1.118s] writing manifest file '../../build/urdf_tuto/urdf_tuto.egg-info/SOURCES.txt'
[1.119s] running build
[1.119s] running build_py
[1.119s] copying urdf_tuto/__init__.py -> /home/yoon/yoon_urdf/build/urdf_tuto/build/lib/urdf_tuto
[1.120s] copying yolo/yolo_detector.py -> /home/yoon/yoon_urdf/build/urdf_tuto/build/lib/yolo
[1.120s] copying yolo/__init__.py -> /home/yoon/yoon_urdf/build/urdf_tuto/build/lib/yolo
[1.120s] running install
[1.123s] running install_lib
[1.141s] copying /home/yoon/yoon_urdf/build/urdf_tuto/build/lib/yolo/yolo_detector.py -> /home/yoon/yoon_urdf/install/urdf_tuto/lib/python3.10/site-packages/yolo
[1.141s] byte-compiling /home/yoon/yoon_urdf/install/urdf_tuto/lib/python3.10/site-packages/yolo/yolo_detector.py to yolo_detector.cpython-310.pyc
[1.142s] running install_data
[1.142s] copying resource/urdf_tuto -> /home/yoon/yoon_urdf/install/urdf_tuto/share/ament_index/resource_index/packages
[1.142s] copying package.xml -> /home/yoon/yoon_urdf/install/urdf_tuto/share/urdf_tuto
[1.142s] copying launch/robot_3.launch.py -> /home/yoon/yoon_urdf/install/urdf_tuto/share/urdf_tuto/launch
[1.142s] copying launch/robot_1.launch.py -> /home/yoon/yoon_urdf/install/urdf_tuto/share/urdf_tuto/launch
[1.143s] copying launch/robot_2.launch.py -> /home/yoon/yoon_urdf/install/urdf_tuto/share/urdf_tuto/launch
[1.143s] copying launch/launch_sim.launch.py -> /home/yoon/yoon_urdf/install/urdf_tuto/share/urdf_tuto/launch
[1.143s] copying urdf/robot_1.xacro -> /home/yoon/yoon_urdf/install/urdf_tuto/share/urdf_tuto/urdf
[1.143s] copying urdf/robot_2.xacro -> /home/yoon/yoon_urdf/install/urdf_tuto/share/urdf_tuto/urdf
[1.143s] copying urdf/macro.xacro -> /home/yoon/yoon_urdf/install/urdf_tuto/share/urdf_tuto/urdf
[1.144s] copying urdf/robot_3.xacro -> /home/yoon/yoon_urdf/install/urdf_tuto/share/urdf_tuto/urdf
[1.144s] copying urdf/gazebo.xacro -> /home/yoon/yoon_urdf/install/urdf_tuto/share/urdf_tuto/urdf
[1.144s] copying world/obstacle.world -> /home/yoon/yoon_urdf/install/urdf_tuto/share/urdf_tuto/world
[1.145s] copying world/office_small.world -> /home/yoon/yoon_urdf/install/urdf_tuto/share/urdf_tuto/world
[1.146s] copying world/asdfasdfasd.world -> /home/yoon/yoon_urdf/install/urdf_tuto/share/urdf_tuto/world
[1.147s] copying world/warehouse.world -> /home/yoon/yoon_urdf/install/urdf_tuto/share/urdf_tuto/world
[1.147s] copying world/house.world -> /home/yoon/yoon_urdf/install/urdf_tuto/share/urdf_tuto/world
[1.148s] copying config/robot1.rviz -> /home/yoon/yoon_urdf/install/urdf_tuto/share/urdf_tuto/config
[1.148s] copying yolo/yolov8n.pt -> /home/yoon/yoon_urdf/install/urdf_tuto/share/urdf_tuto/yolo
[1.156s] running install_egg_info
[1.176s] removing '/home/yoon/yoon_urdf/install/urdf_tuto/lib/python3.10/site-packages/urdf_tuto-0.0.0-py3.10.egg-info' (and everything under it)
[1.176s] Copying ../../build/urdf_tuto/urdf_tuto.egg-info to /home/yoon/yoon_urdf/install/urdf_tuto/lib/python3.10/site-packages/urdf_tuto-0.0.0-py3.10.egg-info
[1.178s] running install_scripts
[1.216s] Installing yolo_detector script to /home/yoon/yoon_urdf/install/urdf_tuto/lib/urdf_tuto
[1.216s] writing list of installed files to '/home/yoon/yoon_urdf/build/urdf_tuto/install.log'
[1.233s] Invoked command in '/home/yoon/yoon_urdf/src/urdf_tuto' returned '0': PYTHONPATH=/home/yoon/yoon_urdf/build/urdf_tuto/prefix_override:/usr/lib/python3/dist-packages/colcon_core/task/python/colcon_distutils_commands:/home/yoon/yoon_urdf/install/urdf_tuto/lib/python3.10/site-packages:${PYTHONPATH} /usr/bin/python3 -W ignore:setup.py install is deprecated -W ignore:easy_install command is deprecated setup.py egg_info --egg-base ../../build/urdf_tuto build --build-base /home/yoon/yoon_urdf/build/urdf_tuto/build install --record /home/yoon/yoon_urdf/build/urdf_tuto/install.log --single-version-externally-managed install_data
