[0.633s] Invoking command in '/home/yoon/yoon_urdf/src/yoon_urdf': PYTHONPATH=/home/yoon/yoon_urdf/build/yoon_urdf/prefix_override:/usr/lib/python3/dist-packages/colcon_core/task/python/colcon_distutils_commands:/home/yoon/yoon_urdf/install/yoon_urdf/lib/python3.10/site-packages:${PYTHONPATH} /usr/bin/python3 -W ignore:setup.py install is deprecated -W ignore:easy_install command is deprecated setup.py egg_info --egg-base ../../build/yoon_urdf build --build-base /home/yoon/yoon_urdf/build/yoon_urdf/build install --record /home/yoon/yoon_urdf/build/yoon_urdf/install.log --single-version-externally-managed install_data
[0.802s] running egg_info
[0.803s] writing ../../build/yoon_urdf/yoon_urdf.egg-info/PKG-INFO
[0.803s] writing dependency_links to ../../build/yoon_urdf/yoon_urdf.egg-info/dependency_links.txt
[0.803s] writing entry points to ../../build/yoon_urdf/yoon_urdf.egg-info/entry_points.txt
[0.803s] writing requirements to ../../build/yoon_urdf/yoon_urdf.egg-info/requires.txt
[0.803s] writing top-level names to ../../build/yoon_urdf/yoon_urdf.egg-info/top_level.txt
[0.804s] reading manifest file '../../build/yoon_urdf/yoon_urdf.egg-info/SOURCES.txt'
[0.804s] writing manifest file '../../build/yoon_urdf/yoon_urdf.egg-info/SOURCES.txt'
[0.805s] running build
[0.805s] running build_py
[0.805s] running install
[0.805s] running install_lib
[0.806s] running install_data
[0.806s] running install_egg_info
[0.807s] removing '/home/yoon/yoon_urdf/install/yoon_urdf/lib/python3.10/site-packages/yoon_urdf-0.0.0-py3.10.egg-info' (and everything under it)
[0.807s] Copying ../../build/yoon_urdf/yoon_urdf.egg-info to /home/yoon/yoon_urdf/install/yoon_urdf/lib/python3.10/site-packages/yoon_urdf-0.0.0-py3.10.egg-info
[0.808s] running install_scripts
[0.821s] writing list of installed files to '/home/yoon/yoon_urdf/build/yoon_urdf/install.log'
[0.836s] Invoked command in '/home/yoon/yoon_urdf/src/yoon_urdf' returned '0': PYTHONPATH=/home/yoon/yoon_urdf/build/yoon_urdf/prefix_override:/usr/lib/python3/dist-packages/colcon_core/task/python/colcon_distutils_commands:/home/yoon/yoon_urdf/install/yoon_urdf/lib/python3.10/site-packages:${PYTHONPATH} /usr/bin/python3 -W ignore:setup.py install is deprecated -W ignore:easy_install command is deprecated setup.py egg_info --egg-base ../../build/yoon_urdf build --build-base /home/yoon/yoon_urdf/build/yoon_urdf/build install --record /home/yoon/yoon_urdf/build/yoon_urdf/install.log --single-version-externally-managed install_data
