/home/yoon/yoon_urdf/install/urdf_tuto/lib/python3.10/site-packages/yolo/yolo_detector.py
/home/yoon/yoon_urdf/install/urdf_tuto/lib/python3.10/site-packages/yolo/__init__.py
/home/yoon/yoon_urdf/install/urdf_tuto/lib/python3.10/site-packages/urdf_tuto/__init__.py
/home/yoon/yoon_urdf/install/urdf_tuto/lib/python3.10/site-packages/fire_detect/fire_detector_01.py
/home/yoon/yoon_urdf/install/urdf_tuto/lib/python3.10/site-packages/fire_detect/roboflow_test.py
/home/yoon/yoon_urdf/install/urdf_tuto/lib/python3.10/site-packages/fire_detect/__init__.py
/home/yoon/yoon_urdf/install/urdf_tuto/lib/python3.10/site-packages/fire_detect/fire_detector.py
/home/yoon/yoon_urdf/install/urdf_tuto/lib/python3.10/site-packages/drone_detector/__init__.py
/home/yoon/yoon_urdf/install/urdf_tuto/lib/python3.10/site-packages/drone_detector/drone_detector_01.py
/home/yoon/yoon_urdf/install/urdf_tuto/lib/python3.10/site-packages/drone_detector/drone_detector_phone.py
/home/yoon/yoon_urdf/install/urdf_tuto/lib/python3.10/site-packages/yolo/__pycache__/yolo_detector.cpython-310.pyc
/home/yoon/yoon_urdf/install/urdf_tuto/lib/python3.10/site-packages/yolo/__pycache__/__init__.cpython-310.pyc
/home/yoon/yoon_urdf/install/urdf_tuto/lib/python3.10/site-packages/urdf_tuto/__pycache__/__init__.cpython-310.pyc
/home/yoon/yoon_urdf/install/urdf_tuto/lib/python3.10/site-packages/fire_detect/__pycache__/fire_detector_01.cpython-310.pyc
/home/yoon/yoon_urdf/install/urdf_tuto/lib/python3.10/site-packages/fire_detect/__pycache__/roboflow_test.cpython-310.pyc
/home/yoon/yoon_urdf/install/urdf_tuto/lib/python3.10/site-packages/fire_detect/__pycache__/__init__.cpython-310.pyc
/home/yoon/yoon_urdf/install/urdf_tuto/lib/python3.10/site-packages/fire_detect/__pycache__/fire_detector.cpython-310.pyc
/home/yoon/yoon_urdf/install/urdf_tuto/lib/python3.10/site-packages/drone_detector/__pycache__/__init__.cpython-310.pyc
/home/yoon/yoon_urdf/install/urdf_tuto/lib/python3.10/site-packages/drone_detector/__pycache__/drone_detector_01.cpython-310.pyc
/home/yoon/yoon_urdf/install/urdf_tuto/lib/python3.10/site-packages/drone_detector/__pycache__/drone_detector_phone.cpython-310.pyc
/home/yoon/yoon_urdf/install/urdf_tuto/share/ament_index/resource_index/packages/urdf_tuto
/home/yoon/yoon_urdf/install/urdf_tuto/share/urdf_tuto/package.xml
/home/yoon/yoon_urdf/install/urdf_tuto/share/urdf_tuto/launch/robot_3.launch.py
/home/yoon/yoon_urdf/install/urdf_tuto/share/urdf_tuto/launch/robot_2.launch.py
/home/yoon/yoon_urdf/install/urdf_tuto/share/urdf_tuto/launch/fire_detect.launch.py
/home/yoon/yoon_urdf/install/urdf_tuto/share/urdf_tuto/launch/cartographer.launch.py
/home/yoon/yoon_urdf/install/urdf_tuto/share/urdf_tuto/launch/launch_sim.launch.py
/home/yoon/yoon_urdf/install/urdf_tuto/share/urdf_tuto/launch/navigation.launch.py
/home/yoon/yoon_urdf/install/urdf_tuto/share/urdf_tuto/launch/robot_1.launch.py
/home/yoon/yoon_urdf/install/urdf_tuto/share/urdf_tuto/launch/drone_detect.launch.py
/home/yoon/yoon_urdf/install/urdf_tuto/share/urdf_tuto/urdf/robot_1.xacro
/home/yoon/yoon_urdf/install/urdf_tuto/share/urdf_tuto/urdf/robot_3.xacro
/home/yoon/yoon_urdf/install/urdf_tuto/share/urdf_tuto/urdf/gazebo.xacro
/home/yoon/yoon_urdf/install/urdf_tuto/share/urdf_tuto/urdf/macro.xacro
/home/yoon/yoon_urdf/install/urdf_tuto/share/urdf_tuto/urdf/robot_2.xacro
/home/yoon/yoon_urdf/install/urdf_tuto/share/urdf_tuto/world/simple_env_2.world
/home/yoon/yoon_urdf/install/urdf_tuto/share/urdf_tuto/world/cyberzoo_orange_poles.world
/home/yoon/yoon_urdf/install/urdf_tuto/share/urdf_tuto/world/cyberzoo2019_orange_poles_panels.world
/home/yoon/yoon_urdf/install/urdf_tuto/share/urdf_tuto/world/fetchit_challenge_tests.world
/home/yoon/yoon_urdf/install/urdf_tuto/share/urdf_tuto/world/office_cpr.world
/home/yoon/yoon_urdf/install/urdf_tuto/share/urdf_tuto/world/drone_race_track_2018_actual_with_gatepapers.world
/home/yoon/yoon_urdf/install/urdf_tuto/share/urdf_tuto/world/yosemite.world
/home/yoon/yoon_urdf/install/urdf_tuto/share/urdf_tuto/world/fetchit_challenge_arena_montreal2019_highlights.world
/home/yoon/yoon_urdf/install/urdf_tuto/share/urdf_tuto/world/fetchit_challenge_atrezzo.world
/home/yoon/yoon_urdf/install/urdf_tuto/share/urdf_tuto/world/warehouse.world
/home/yoon/yoon_urdf/install/urdf_tuto/share/urdf_tuto/world/small_city.world
/home/yoon/yoon_urdf/install/urdf_tuto/share/urdf_tuto/world/agriculture.world
/home/yoon/yoon_urdf/install/urdf_tuto/share/urdf_tuto/world/hemicyl.world
/home/yoon/yoon_urdf/install/urdf_tuto/share/urdf_tuto/world/neighborhood.world
/home/yoon/yoon_urdf/install/urdf_tuto/share/urdf_tuto/world/fetchit_challenge_arena_montreal2019_onlylights.world
/home/yoon/yoon_urdf/install/urdf_tuto/share/urdf_tuto/world/test_zone.world
/home/yoon/yoon_urdf/install/urdf_tuto/share/urdf_tuto/world/city_osm_roundabout_combined.world
/home/yoon/yoon_urdf/install/urdf_tuto/share/urdf_tuto/world/waypoint.world
/home/yoon/yoon_urdf/install/urdf_tuto/share/urdf_tuto/world/outdoor.world
/home/yoon/yoon_urdf/install/urdf_tuto/share/urdf_tuto/world/barrels.world
/home/yoon/yoon_urdf/install/urdf_tuto/share/urdf_tuto/world/azcar.world
/home/yoon/yoon_urdf/install/urdf_tuto/share/urdf_tuto/world/cyberzoo_4_panels.world
/home/yoon/yoon_urdf/install/urdf_tuto/share/urdf_tuto/world/office_earthquake.world
/home/yoon/yoon_urdf/install/urdf_tuto/share/urdf_tuto/world/cyberzoo_panel.world
/home/yoon/yoon_urdf/install/urdf_tuto/share/urdf_tuto/world/office_env_large.world
/home/yoon/yoon_urdf/install/urdf_tuto/share/urdf_tuto/world/cyberzoo2019_ralphthesis2020.world
/home/yoon/yoon_urdf/install/urdf_tuto/share/urdf_tuto/world/cyberzoo2019_orange_poles.world
/home/yoon/yoon_urdf/install/urdf_tuto/share/urdf_tuto/world/cyberzoo.world
/home/yoon/yoon_urdf/install/urdf_tuto/share/urdf_tuto/world/empty_aerial_manipulation.world
/home/yoon/yoon_urdf/install/urdf_tuto/share/urdf_tuto/world/asdfasdfasd.world
/home/yoon/yoon_urdf/install/urdf_tuto/share/urdf_tuto/world/office_cpr_construction.world
/home/yoon/yoon_urdf/install/urdf_tuto/share/urdf_tuto/world/simple_env_3.world
/home/yoon/yoon_urdf/install/urdf_tuto/share/urdf_tuto/world/fetchit_challenge_tests_lowlights.world
/home/yoon/yoon_urdf/install/urdf_tuto/share/urdf_tuto/world/workshop_example.world
/home/yoon/yoon_urdf/install/urdf_tuto/share/urdf_tuto/world/rubble.world
/home/yoon/yoon_urdf/install/urdf_tuto/share/urdf_tuto/world/fetchit_challenge_arena_montreal2019.world
/home/yoon/yoon_urdf/install/urdf_tuto/share/urdf_tuto/world/simple_env_1.world
/home/yoon/yoon_urdf/install/urdf_tuto/share/urdf_tuto/world/test_city.world
/home/yoon/yoon_urdf/install/urdf_tuto/share/urdf_tuto/world/drone_race_track_2018_actual.world
/home/yoon/yoon_urdf/install/urdf_tuto/share/urdf_tuto/world/obstacle.world
/home/yoon/yoon_urdf/install/urdf_tuto/share/urdf_tuto/world/fetchit_challenge_simple_highlights.world
/home/yoon/yoon_urdf/install/urdf_tuto/share/urdf_tuto/world/powerplant.world
/home/yoon/yoon_urdf/install/urdf_tuto/share/urdf_tuto/world/office_small.world
/home/yoon/yoon_urdf/install/urdf_tuto/share/urdf_tuto/world/fetchit_challenge_assembly.world
/home/yoon/yoon_urdf/install/urdf_tuto/share/urdf_tuto/world/fetchit_challenge_simple.world
/home/yoon/yoon_urdf/install/urdf_tuto/share/urdf_tuto/world/house.world
/home/yoon/yoon_urdf/install/urdf_tuto/share/urdf_tuto/world/city_osm_roundabout.world
/home/yoon/yoon_urdf/install/urdf_tuto/share/urdf_tuto/world/wall_aerial_manipulation.world
/home/yoon/yoon_urdf/install/urdf_tuto/share/urdf_tuto/world/cyberzoo2019_orange_poles_panels_mats.world
/home/yoon/yoon_urdf/install/urdf_tuto/share/urdf_tuto/world/skidpan.world
/home/yoon/yoon_urdf/install/urdf_tuto/share/urdf_tuto/world/inspection.world
/home/yoon/yoon_urdf/install/urdf_tuto/share/urdf_tuto/world/canyonview_field.world
/home/yoon/yoon_urdf/install/urdf_tuto/share/urdf_tuto/config/robot1.rviz
/home/yoon/yoon_urdf/install/urdf_tuto/share/urdf_tuto/config/cartographer.lua
/home/yoon/yoon_urdf/install/urdf_tuto/share/urdf_tuto/config/robot2.rviz
/home/yoon/yoon_urdf/install/urdf_tuto/share/urdf_tuto/yolo/yolov8n.pt
/home/yoon/yoon_urdf/install/urdf_tuto/share/urdf_tuto/fire_detect/fire_detector_01.py
/home/yoon/yoon_urdf/install/urdf_tuto/share/urdf_tuto/fire_detect/roboflow_test.py
/home/yoon/yoon_urdf/install/urdf_tuto/share/urdf_tuto/fire_detect/__init__.py
/home/yoon/yoon_urdf/install/urdf_tuto/share/urdf_tuto/fire_detect/fire_detector.py
/home/yoon/yoon_urdf/install/urdf_tuto/share/urdf_tuto/drone_detector/__init__.py
/home/yoon/yoon_urdf/install/urdf_tuto/share/urdf_tuto/drone_detector/drone_detector_01.py
/home/yoon/yoon_urdf/install/urdf_tuto/share/urdf_tuto/drone_detector/drone_detector_phone.py
/home/yoon/yoon_urdf/install/urdf_tuto/share/urdf_tuto/maps/my_city_map.yaml
/home/yoon/yoon_urdf/install/urdf_tuto/share/urdf_tuto/maps/my_first_map.pgm
/home/yoon/yoon_urdf/install/urdf_tuto/share/urdf_tuto/maps/my_city_map.pgm
/home/yoon/yoon_urdf/install/urdf_tuto/share/urdf_tuto/maps/my_first_map.yaml
/home/yoon/yoon_urdf/install/urdf_tuto/lib/python3.10/site-packages/urdf_tuto-0.0.0-py3.10.egg-info/top_level.txt
/home/yoon/yoon_urdf/install/urdf_tuto/lib/python3.10/site-packages/urdf_tuto-0.0.0-py3.10.egg-info/entry_points.txt
/home/yoon/yoon_urdf/install/urdf_tuto/lib/python3.10/site-packages/urdf_tuto-0.0.0-py3.10.egg-info/zip-safe
/home/yoon/yoon_urdf/install/urdf_tuto/lib/python3.10/site-packages/urdf_tuto-0.0.0-py3.10.egg-info/PKG-INFO
/home/yoon/yoon_urdf/install/urdf_tuto/lib/python3.10/site-packages/urdf_tuto-0.0.0-py3.10.egg-info/requires.txt
/home/yoon/yoon_urdf/install/urdf_tuto/lib/python3.10/site-packages/urdf_tuto-0.0.0-py3.10.egg-info/dependency_links.txt
/home/yoon/yoon_urdf/install/urdf_tuto/lib/python3.10/site-packages/urdf_tuto-0.0.0-py3.10.egg-info/SOURCES.txt
/home/yoon/yoon_urdf/install/urdf_tuto/lib/urdf_tuto/drone_detector
/home/yoon/yoon_urdf/install/urdf_tuto/lib/urdf_tuto/fire_detector
/home/yoon/yoon_urdf/install/urdf_tuto/lib/urdf_tuto/yolo_detector
