[0.515s] [34mcolcon[0m [1;30mDEBUG[0m [32mCommand line arguments: ['/usr/bin/colcon', 'build'][0m
[0.515s] [34mcolcon[0m [1;30mDEBUG[0m [32mParsed command line arguments: Namespace(log_base=None, log_level=None, verb_name='build', build_base='build', install_base='install', merge_install=False, symlink_install=False, test_result_base=None, continue_on_error=False, executor='parallel', parallel_workers=14, event_handlers=None, ignore_user_meta=False, metas=['./colcon.meta'], base_paths=['.'], packages_ignore=None, packages_ignore_regex=None, paths=None, packages_up_to=None, packages_up_to_regex=None, packages_above=None, packages_above_and_dependencies=None, packages_above_depth=None, packages_select_by_dep=None, packages_skip_by_dep=None, packages_skip_up_to=None, packages_select_build_failed=False, packages_skip_build_finished=False, packages_select_test_failures=False, packages_skip_test_passed=False, packages_select=None, packages_skip=None, packages_select_regex=None, packages_skip_regex=None, packages_start=None, packages_end=None, allow_overriding=[], cmake_args=None, cmake_target=None, cmake_target_skip_unavailable=False, cmake_clean_cache=False, cmake_clean_first=False, cmake_force_configure=False, ament_cmake_args=None, catkin_cmake_args=None, catkin_skip_building_tests=False, mixin_files=None, mixin=None, verb_parser=<colcon_mixin.mixin.mixin_argument.MixinArgumentDecorator object at 0x75d599a7c2e0>, verb_extension=<colcon_core.verb.build.BuildVerb object at 0x75d599a3f880>, main=<bound method BuildVerb.main of <colcon_core.verb.build.BuildVerb object at 0x75d599a3f880>>, mixin_verb=('build',))[0m
[0.770s] [34mcolcon.colcon_core.package_discovery[0m [1;30mLevel 1[0m discover_packages(colcon_meta) check parameters
[0.771s] [34mcolcon.colcon_core.package_discovery[0m [1;30mLevel 1[0m discover_packages(recursive) check parameters
[0.771s] [34mcolcon.colcon_core.package_discovery[0m [1;30mLevel 1[0m discover_packages(ignore) check parameters
[0.771s] [34mcolcon.colcon_core.package_discovery[0m [1;30mLevel 1[0m discover_packages(path) check parameters
[0.771s] [34mcolcon.colcon_core.package_discovery[0m [1;30mLevel 1[0m discover_packages(colcon_meta) discover
[0.771s] [34mcolcon.colcon_core.package_discovery[0m [1;30mLevel 1[0m discover_packages(recursive) discover
[0.771s] [34mcolcon.colcon_core.package_discovery[0m [1;30mINFO[0m Crawling recursively for packages in '/home/yoon/yoon_urdf'
[0.771s] [34mcolcon.colcon_core.package_identification[0m [1;30mLevel 1[0m _identify(.) by extensions ['ignore', 'ignore_ament_install']
[0.771s] [34mcolcon.colcon_core.package_identification[0m [1;30mLevel 1[0m _identify(.) by extension 'ignore'
[0.771s] [34mcolcon.colcon_core.package_identification[0m [1;30mLevel 1[0m _identify(.) by extension 'ignore_ament_install'
[0.771s] [34mcolcon.colcon_core.package_identification[0m [1;30mLevel 1[0m _identify(.) by extensions ['colcon_pkg']
[0.771s] [34mcolcon.colcon_core.package_identification[0m [1;30mLevel 1[0m _identify(.) by extension 'colcon_pkg'
[0.771s] [34mcolcon.colcon_core.package_identification[0m [1;30mLevel 1[0m _identify(.) by extensions ['colcon_meta']
[0.771s] [34mcolcon.colcon_core.package_identification[0m [1;30mLevel 1[0m _identify(.) by extension 'colcon_meta'
[0.771s] [34mcolcon.colcon_core.package_identification[0m [1;30mLevel 1[0m _identify(.) by extensions ['ros']
[0.771s] [34mcolcon.colcon_core.package_identification[0m [1;30mLevel 1[0m _identify(.) by extension 'ros'
[0.802s] [34mcolcon.colcon_core.package_identification[0m [1;30mLevel 1[0m _identify(.) by extensions ['cmake', 'python']
[0.803s] [34mcolcon.colcon_core.package_identification[0m [1;30mLevel 1[0m _identify(.) by extension 'cmake'
[0.803s] [34mcolcon.colcon_core.package_identification[0m [1;30mLevel 1[0m _identify(.) by extension 'python'
[0.803s] [34mcolcon.colcon_core.package_identification[0m [1;30mLevel 1[0m _identify(.) by extensions ['python_setup_py']
[0.803s] [34mcolcon.colcon_core.package_identification[0m [1;30mLevel 1[0m _identify(.) by extension 'python_setup_py'
[0.803s] [34mcolcon.colcon_core.package_identification[0m [1;30mLevel 1[0m _identify(build) by extensions ['ignore', 'ignore_ament_install']
[0.803s] [34mcolcon.colcon_core.package_identification[0m [1;30mLevel 1[0m _identify(build) by extension 'ignore'
[0.803s] [34mcolcon.colcon_core.package_identification[0m [1;30mLevel 1[0m _identify(build) ignored
[0.803s] [34mcolcon.colcon_core.package_identification[0m [1;30mLevel 1[0m _identify(install) by extensions ['ignore', 'ignore_ament_install']
[0.803s] [34mcolcon.colcon_core.package_identification[0m [1;30mLevel 1[0m _identify(install) by extension 'ignore'
[0.803s] [34mcolcon.colcon_core.package_identification[0m [1;30mLevel 1[0m _identify(install) ignored
[0.803s] [34mcolcon.colcon_core.package_identification[0m [1;30mLevel 1[0m _identify(log) by extensions ['ignore', 'ignore_ament_install']
[0.803s] [34mcolcon.colcon_core.package_identification[0m [1;30mLevel 1[0m _identify(log) by extension 'ignore'
[0.803s] [34mcolcon.colcon_core.package_identification[0m [1;30mLevel 1[0m _identify(log) ignored
[0.805s] [34mcolcon.colcon_core.package_identification[0m [1;30mLevel 1[0m _identify(src) by extensions ['ignore', 'ignore_ament_install']
[0.805s] [34mcolcon.colcon_core.package_identification[0m [1;30mLevel 1[0m _identify(src) by extension 'ignore'
[0.806s] [34mcolcon.colcon_core.package_identification[0m [1;30mLevel 1[0m _identify(src) by extension 'ignore_ament_install'
[0.806s] [34mcolcon.colcon_core.package_identification[0m [1;30mLevel 1[0m _identify(src) by extensions ['colcon_pkg']
[0.806s] [34mcolcon.colcon_core.package_identification[0m [1;30mLevel 1[0m _identify(src) by extension 'colcon_pkg'
[0.806s] [34mcolcon.colcon_core.package_identification[0m [1;30mLevel 1[0m _identify(src) by extensions ['colcon_meta']
[0.806s] [34mcolcon.colcon_core.package_identification[0m [1;30mLevel 1[0m _identify(src) by extension 'colcon_meta'
[0.806s] [34mcolcon.colcon_core.package_identification[0m [1;30mLevel 1[0m _identify(src) by extensions ['ros']
[0.806s] [34mcolcon.colcon_core.package_identification[0m [1;30mLevel 1[0m _identify(src) by extension 'ros'
[0.806s] [34mcolcon.colcon_core.package_identification[0m [1;30mLevel 1[0m _identify(src) by extensions ['cmake', 'python']
[0.806s] [34mcolcon.colcon_core.package_identification[0m [1;30mLevel 1[0m _identify(src) by extension 'cmake'
[0.806s] [34mcolcon.colcon_core.package_identification[0m [1;30mLevel 1[0m _identify(src) by extension 'python'
[0.806s] [34mcolcon.colcon_core.package_identification[0m [1;30mLevel 1[0m _identify(src) by extensions ['python_setup_py']
[0.806s] [34mcolcon.colcon_core.package_identification[0m [1;30mLevel 1[0m _identify(src) by extension 'python_setup_py'
[0.809s] [34mcolcon.colcon_core.package_identification[0m [1;30mLevel 1[0m _identify(src/urdf_tuto) by extensions ['ignore', 'ignore_ament_install']
[0.809s] [34mcolcon.colcon_core.package_identification[0m [1;30mLevel 1[0m _identify(src/urdf_tuto) by extension 'ignore'
[0.809s] [34mcolcon.colcon_core.package_identification[0m [1;30mLevel 1[0m _identify(src/urdf_tuto) by extension 'ignore_ament_install'
[0.809s] [34mcolcon.colcon_core.package_identification[0m [1;30mLevel 1[0m _identify(src/urdf_tuto) by extensions ['colcon_pkg']
[0.809s] [34mcolcon.colcon_core.package_identification[0m [1;30mLevel 1[0m _identify(src/urdf_tuto) by extension 'colcon_pkg'
[0.809s] [34mcolcon.colcon_core.package_identification[0m [1;30mLevel 1[0m _identify(src/urdf_tuto) by extensions ['colcon_meta']
[0.809s] [34mcolcon.colcon_core.package_identification[0m [1;30mLevel 1[0m _identify(src/urdf_tuto) by extension 'colcon_meta'
[0.809s] [34mcolcon.colcon_core.package_identification[0m [1;30mLevel 1[0m _identify(src/urdf_tuto) by extensions ['ros']
[0.809s] [34mcolcon.colcon_core.package_identification[0m [1;30mLevel 1[0m _identify(src/urdf_tuto) by extension 'ros'
[0.819s] [34mcolcon.colcon_core.package_identification[0m [1;30mDEBUG[0m [32mPackage 'src/urdf_tuto' with type 'ros.ament_python' and name 'urdf_tuto'[0m
[0.821s] [34mcolcon.colcon_core.package_identification[0m [1;30mLevel 1[0m _identify(src/yoon_urdf) by extensions ['ignore', 'ignore_ament_install']
[0.821s] [34mcolcon.colcon_core.package_identification[0m [1;30mLevel 1[0m _identify(src/yoon_urdf) by extension 'ignore'
[0.821s] [34mcolcon.colcon_core.package_identification[0m [1;30mLevel 1[0m _identify(src/yoon_urdf) by extension 'ignore_ament_install'
[0.821s] [34mcolcon.colcon_core.package_identification[0m [1;30mLevel 1[0m _identify(src/yoon_urdf) by extensions ['colcon_pkg']
[0.821s] [34mcolcon.colcon_core.package_identification[0m [1;30mLevel 1[0m _identify(src/yoon_urdf) by extension 'colcon_pkg'
[0.821s] [34mcolcon.colcon_core.package_identification[0m [1;30mLevel 1[0m _identify(src/yoon_urdf) by extensions ['colcon_meta']
[0.821s] [34mcolcon.colcon_core.package_identification[0m [1;30mLevel 1[0m _identify(src/yoon_urdf) by extension 'colcon_meta'
[0.821s] [34mcolcon.colcon_core.package_identification[0m [1;30mLevel 1[0m _identify(src/yoon_urdf) by extensions ['ros']
[0.821s] [34mcolcon.colcon_core.package_identification[0m [1;30mLevel 1[0m _identify(src/yoon_urdf) by extension 'ros'
[0.823s] [34mcolcon.colcon_core.package_identification[0m [1;30mDEBUG[0m [32mPackage 'src/yoon_urdf' with type 'ros.ament_python' and name 'yoon_urdf'[0m
[0.824s] [34mcolcon.colcon_core.package_discovery[0m [1;30mLevel 1[0m discover_packages(recursive) using defaults
[0.824s] [34mcolcon.colcon_core.package_discovery[0m [1;30mLevel 1[0m discover_packages(ignore) discover
[0.824s] [34mcolcon.colcon_core.package_discovery[0m [1;30mLevel 1[0m discover_packages(ignore) using defaults
[0.824s] [34mcolcon.colcon_core.package_discovery[0m [1;30mLevel 1[0m discover_packages(path) discover
[0.824s] [34mcolcon.colcon_core.package_discovery[0m [1;30mLevel 1[0m discover_packages(path) using defaults
[0.871s] [34mcolcon.colcon_core.package_discovery[0m [1;30mLevel 1[0m discover_packages(prefix_path) check parameters
[0.871s] [34mcolcon.colcon_core.package_discovery[0m [1;30mLevel 1[0m discover_packages(prefix_path) discover
[0.886s] [34mcolcon.colcon_installed_package_information.package_discovery[0m [1;30mDEBUG[0m [32mFound 350 installed packages in /opt/ros/humble[0m
[0.887s] [34mcolcon.colcon_core.package_discovery[0m [1;30mLevel 1[0m discover_packages(prefix_path) using defaults
[0.932s] [34mcolcon.colcon_core.verb[0m [1;30mLevel 5[0m set package 'urdf_tuto' build argument 'cmake_args' from command line to 'None'
[0.932s] [34mcolcon.colcon_core.verb[0m [1;30mLevel 5[0m set package 'urdf_tuto' build argument 'cmake_target' from command line to 'None'
[0.932s] [34mcolcon.colcon_core.verb[0m [1;30mLevel 5[0m set package 'urdf_tuto' build argument 'cmake_target_skip_unavailable' from command line to 'False'
[0.932s] [34mcolcon.colcon_core.verb[0m [1;30mLevel 5[0m set package 'urdf_tuto' build argument 'cmake_clean_cache' from command line to 'False'
[0.932s] [34mcolcon.colcon_core.verb[0m [1;30mLevel 5[0m set package 'urdf_tuto' build argument 'cmake_clean_first' from command line to 'False'
[0.932s] [34mcolcon.colcon_core.verb[0m [1;30mLevel 5[0m set package 'urdf_tuto' build argument 'cmake_force_configure' from command line to 'False'
[0.932s] [34mcolcon.colcon_core.verb[0m [1;30mLevel 5[0m set package 'urdf_tuto' build argument 'ament_cmake_args' from command line to 'None'
[0.932s] [34mcolcon.colcon_core.verb[0m [1;30mLevel 5[0m set package 'urdf_tuto' build argument 'catkin_cmake_args' from command line to 'None'
[0.932s] [34mcolcon.colcon_core.verb[0m [1;30mLevel 5[0m set package 'urdf_tuto' build argument 'catkin_skip_building_tests' from command line to 'False'
[0.932s] [34mcolcon.colcon_core.verb[0m [1;30mDEBUG[0m [32mBuilding package 'urdf_tuto' with the following arguments: {'ament_cmake_args': None, 'build_base': '/home/yoon/yoon_urdf/build/urdf_tuto', 'catkin_cmake_args': None, 'catkin_skip_building_tests': False, 'cmake_args': None, 'cmake_clean_cache': False, 'cmake_clean_first': False, 'cmake_force_configure': False, 'cmake_target': None, 'cmake_target_skip_unavailable': False, 'install_base': '/home/yoon/yoon_urdf/install/urdf_tuto', 'merge_install': False, 'path': '/home/yoon/yoon_urdf/src/urdf_tuto', 'symlink_install': False, 'test_result_base': None}[0m
[0.933s] [34mcolcon.colcon_core.verb[0m [1;30mLevel 5[0m set package 'yoon_urdf' build argument 'cmake_args' from command line to 'None'
[0.933s] [34mcolcon.colcon_core.verb[0m [1;30mLevel 5[0m set package 'yoon_urdf' build argument 'cmake_target' from command line to 'None'
[0.933s] [34mcolcon.colcon_core.verb[0m [1;30mLevel 5[0m set package 'yoon_urdf' build argument 'cmake_target_skip_unavailable' from command line to 'False'
[0.933s] [34mcolcon.colcon_core.verb[0m [1;30mLevel 5[0m set package 'yoon_urdf' build argument 'cmake_clean_cache' from command line to 'False'
[0.933s] [34mcolcon.colcon_core.verb[0m [1;30mLevel 5[0m set package 'yoon_urdf' build argument 'cmake_clean_first' from command line to 'False'
[0.933s] [34mcolcon.colcon_core.verb[0m [1;30mLevel 5[0m set package 'yoon_urdf' build argument 'cmake_force_configure' from command line to 'False'
[0.933s] [34mcolcon.colcon_core.verb[0m [1;30mLevel 5[0m set package 'yoon_urdf' build argument 'ament_cmake_args' from command line to 'None'
[0.933s] [34mcolcon.colcon_core.verb[0m [1;30mLevel 5[0m set package 'yoon_urdf' build argument 'catkin_cmake_args' from command line to 'None'
[0.933s] [34mcolcon.colcon_core.verb[0m [1;30mLevel 5[0m set package 'yoon_urdf' build argument 'catkin_skip_building_tests' from command line to 'False'
[0.933s] [34mcolcon.colcon_core.verb[0m [1;30mDEBUG[0m [32mBuilding package 'yoon_urdf' with the following arguments: {'ament_cmake_args': None, 'build_base': '/home/yoon/yoon_urdf/build/yoon_urdf', 'catkin_cmake_args': None, 'catkin_skip_building_tests': False, 'cmake_args': None, 'cmake_clean_cache': False, 'cmake_clean_first': False, 'cmake_force_configure': False, 'cmake_target': None, 'cmake_target_skip_unavailable': False, 'install_base': '/home/yoon/yoon_urdf/install/yoon_urdf', 'merge_install': False, 'path': '/home/yoon/yoon_urdf/src/yoon_urdf', 'symlink_install': False, 'test_result_base': None}[0m
[0.933s] [34mcolcon.colcon_core.executor[0m [1;30mINFO[0m Executing jobs using 'parallel' executor
[0.934s] [34mcolcon.colcon_parallel_executor.executor.parallel[0m [1;30mDEBUG[0m [32mrun_until_complete[0m
[0.934s] [34mcolcon.colcon_ros.task.ament_python.build[0m [1;30mINFO[0m Building ROS package in '/home/yoon/yoon_urdf/src/urdf_tuto' with build type 'ament_python'
[0.934s] [34mcolcon.colcon_core.shell[0m [1;30mLevel 1[0m create_environment_hook('urdf_tuto', 'ament_prefix_path')
[0.957s] [34mcolcon.colcon_core.plugin_system[0m [1;30mINFO[0m Skipping extension 'colcon_core.shell.bat': Not used on non-Windows systems
[0.957s] [34mcolcon.colcon_core.shell[0m [1;30mINFO[0m Creating environment hook '/home/yoon/yoon_urdf/install/urdf_tuto/share/urdf_tuto/hook/ament_prefix_path.ps1'
[0.972s] [34mcolcon.colcon_core.shell[0m [1;30mINFO[0m Creating environment descriptor '/home/yoon/yoon_urdf/install/urdf_tuto/share/urdf_tuto/hook/ament_prefix_path.dsv'
[0.974s] [34mcolcon.colcon_core.shell[0m [1;30mINFO[0m Creating environment hook '/home/yoon/yoon_urdf/install/urdf_tuto/share/urdf_tuto/hook/ament_prefix_path.sh'
[0.976s] [34mcolcon.colcon_core.shell[0m [1;30mINFO[0m Skip shell extension 'powershell' for command environment: Not usable outside of PowerShell
[0.976s] [34mcolcon.colcon_core.shell[0m [1;30mDEBUG[0m [32mSkip shell extension 'dsv' for command environment[0m
[0.981s] [34mcolcon.colcon_ros.task.ament_python.build[0m [1;30mINFO[0m Building ROS package in '/home/yoon/yoon_urdf/src/yoon_urdf' with build type 'ament_python'
[0.981s] [34mcolcon.colcon_core.shell[0m [1;30mLevel 1[0m create_environment_hook('yoon_urdf', 'ament_prefix_path')
[0.982s] [34mcolcon.colcon_core.shell[0m [1;30mINFO[0m Creating environment hook '/home/yoon/yoon_urdf/install/yoon_urdf/share/yoon_urdf/hook/ament_prefix_path.ps1'
[0.991s] [34mcolcon.colcon_core.shell[0m [1;30mINFO[0m Creating environment descriptor '/home/yoon/yoon_urdf/install/yoon_urdf/share/yoon_urdf/hook/ament_prefix_path.dsv'
[0.992s] [34mcolcon.colcon_core.shell[0m [1;30mINFO[0m Creating environment hook '/home/yoon/yoon_urdf/install/yoon_urdf/share/yoon_urdf/hook/ament_prefix_path.sh'
[0.992s] [34mcolcon.colcon_core.shell[0m [1;30mINFO[0m Skip shell extension 'powershell' for command environment: Not usable outside of PowerShell
[0.992s] [34mcolcon.colcon_core.shell[0m [1;30mDEBUG[0m [32mSkip shell extension 'dsv' for command environment[0m
[1.257s] [34mcolcon.colcon_core.task.python.build[0m [1;30mINFO[0m Building Python package in '/home/yoon/yoon_urdf/src/urdf_tuto'
[1.257s] [34mcolcon.colcon_core.shell[0m [1;30mINFO[0m Skip shell extension 'powershell' for command environment: Not usable outside of PowerShell
[1.257s] [34mcolcon.colcon_core.shell[0m [1;30mDEBUG[0m [32mSkip shell extension 'dsv' for command environment[0m
[1.454s] [34mcolcon.colcon_core.task.python.build[0m [1;30mINFO[0m Building Python package in '/home/yoon/yoon_urdf/src/yoon_urdf'
[1.454s] [34mcolcon.colcon_core.shell[0m [1;30mINFO[0m Skip shell extension 'powershell' for command environment: Not usable outside of PowerShell
[1.455s] [34mcolcon.colcon_core.shell[0m [1;30mDEBUG[0m [32mSkip shell extension 'dsv' for command environment[0m
[2.431s] [34mcolcon.colcon_core.event_handler.log_command[0m [1;30mDEBUG[0m [32mInvoking command in '/home/yoon/yoon_urdf/src/urdf_tuto': PYTHONPATH=/home/yoon/yoon_urdf/build/urdf_tuto/prefix_override:/usr/lib/python3/dist-packages/colcon_core/task/python/colcon_distutils_commands:/home/yoon/yoon_urdf/install/urdf_tuto/lib/python3.10/site-packages:${PYTHONPATH} /usr/bin/python3 -W ignore:setup.py install is deprecated -W ignore:easy_install command is deprecated setup.py egg_info --egg-base ../../build/urdf_tuto build --build-base /home/yoon/yoon_urdf/build/urdf_tuto/build install --record /home/yoon/yoon_urdf/build/urdf_tuto/install.log --single-version-externally-managed install_data[0m
[2.432s] [34mcolcon.colcon_core.event_handler.log_command[0m [1;30mDEBUG[0m [32mInvoking command in '/home/yoon/yoon_urdf/src/yoon_urdf': PYTHONPATH=/home/yoon/yoon_urdf/build/yoon_urdf/prefix_override:/usr/lib/python3/dist-packages/colcon_core/task/python/colcon_distutils_commands:/home/yoon/yoon_urdf/install/yoon_urdf/lib/python3.10/site-packages:${PYTHONPATH} /usr/bin/python3 -W ignore:setup.py install is deprecated -W ignore:easy_install command is deprecated setup.py egg_info --egg-base ../../build/yoon_urdf build --build-base /home/yoon/yoon_urdf/build/yoon_urdf/build install --record /home/yoon/yoon_urdf/build/yoon_urdf/install.log --single-version-externally-managed install_data[0m
[2.918s] [34mcolcon.colcon_core.event_handler.log_command[0m [1;30mDEBUG[0m [32mInvoked command in '/home/yoon/yoon_urdf/src/yoon_urdf' returned '0': PYTHONPATH=/home/yoon/yoon_urdf/build/yoon_urdf/prefix_override:/usr/lib/python3/dist-packages/colcon_core/task/python/colcon_distutils_commands:/home/yoon/yoon_urdf/install/yoon_urdf/lib/python3.10/site-packages:${PYTHONPATH} /usr/bin/python3 -W ignore:setup.py install is deprecated -W ignore:easy_install command is deprecated setup.py egg_info --egg-base ../../build/yoon_urdf build --build-base /home/yoon/yoon_urdf/build/yoon_urdf/build install --record /home/yoon/yoon_urdf/build/yoon_urdf/install.log --single-version-externally-managed install_data[0m
[2.944s] [34mcolcon.colcon_core.environment[0m [1;30mLevel 1[0m checking '/home/yoon/yoon_urdf/install/yoon_urdf' for CMake module files
[2.944s] [34mcolcon.colcon_core.environment[0m [1;30mLevel 1[0m checking '/home/yoon/yoon_urdf/install/yoon_urdf' for CMake config files
[2.951s] [34mcolcon.colcon_core.environment[0m [1;30mLevel 1[0m checking '/home/yoon/yoon_urdf/install/yoon_urdf/lib'
[2.951s] [34mcolcon.colcon_core.environment[0m [1;30mLevel 1[0m checking '/home/yoon/yoon_urdf/install/yoon_urdf/bin'
[2.951s] [34mcolcon.colcon_core.environment[0m [1;30mLevel 1[0m checking '/home/yoon/yoon_urdf/install/yoon_urdf/lib/pkgconfig/yoon_urdf.pc'
[2.951s] [34mcolcon.colcon_core.environment[0m [1;30mLevel 1[0m checking '/home/yoon/yoon_urdf/install/yoon_urdf/lib/python3.10/site-packages'
[2.951s] [34mcolcon.colcon_core.shell[0m [1;30mLevel 1[0m create_environment_hook('yoon_urdf', 'pythonpath')
[2.951s] [34mcolcon.colcon_core.shell[0m [1;30mINFO[0m Creating environment hook '/home/yoon/yoon_urdf/install/yoon_urdf/share/yoon_urdf/hook/pythonpath.ps1'
[2.952s] [34mcolcon.colcon_core.shell[0m [1;30mINFO[0m Creating environment descriptor '/home/yoon/yoon_urdf/install/yoon_urdf/share/yoon_urdf/hook/pythonpath.dsv'
[2.952s] [34mcolcon.colcon_core.shell[0m [1;30mINFO[0m Creating environment hook '/home/yoon/yoon_urdf/install/yoon_urdf/share/yoon_urdf/hook/pythonpath.sh'
[2.953s] [34mcolcon.colcon_core.environment[0m [1;30mLevel 1[0m checking '/home/yoon/yoon_urdf/install/yoon_urdf/bin'
[2.953s] [34mcolcon.colcon_core.environment[0m [1;30mLevel 1[0m create_environment_scripts_only(yoon_urdf)
[2.953s] [34mcolcon.colcon_core.shell[0m [1;30mINFO[0m Creating package script '/home/yoon/yoon_urdf/install/yoon_urdf/share/yoon_urdf/package.ps1'
[2.954s] [34mcolcon.colcon_core.shell[0m [1;30mINFO[0m Creating package descriptor '/home/yoon/yoon_urdf/install/yoon_urdf/share/yoon_urdf/package.dsv'
[2.955s] [34mcolcon.colcon_core.shell[0m [1;30mINFO[0m Creating package script '/home/yoon/yoon_urdf/install/yoon_urdf/share/yoon_urdf/package.sh'
[2.959s] [34mcolcon.colcon_core.shell[0m [1;30mINFO[0m Creating package script '/home/yoon/yoon_urdf/install/yoon_urdf/share/yoon_urdf/package.bash'
[2.961s] [34mcolcon.colcon_core.shell[0m [1;30mINFO[0m Creating package script '/home/yoon/yoon_urdf/install/yoon_urdf/share/yoon_urdf/package.zsh'
[2.963s] [34mcolcon.colcon_core.environment[0m [1;30mLevel 1[0m create_file_with_runtime_dependencies(/home/yoon/yoon_urdf/install/yoon_urdf/share/colcon-core/packages/yoon_urdf)
[2.985s] [34mcolcon.colcon_core.environment[0m [1;30mLevel 1[0m checking '/home/yoon/yoon_urdf/install/urdf_tuto' for CMake module files
[2.986s] [34mcolcon.colcon_core.event_handler.log_command[0m [1;30mDEBUG[0m [32mInvoked command in '/home/yoon/yoon_urdf/src/urdf_tuto' returned '0': PYTHONPATH=/home/yoon/yoon_urdf/build/urdf_tuto/prefix_override:/usr/lib/python3/dist-packages/colcon_core/task/python/colcon_distutils_commands:/home/yoon/yoon_urdf/install/urdf_tuto/lib/python3.10/site-packages:${PYTHONPATH} /usr/bin/python3 -W ignore:setup.py install is deprecated -W ignore:easy_install command is deprecated setup.py egg_info --egg-base ../../build/urdf_tuto build --build-base /home/yoon/yoon_urdf/build/urdf_tuto/build install --record /home/yoon/yoon_urdf/build/urdf_tuto/install.log --single-version-externally-managed install_data[0m
[2.986s] [34mcolcon.colcon_core.environment[0m [1;30mLevel 1[0m checking '/home/yoon/yoon_urdf/install/urdf_tuto' for CMake config files
[2.991s] [34mcolcon.colcon_core.environment[0m [1;30mLevel 1[0m checking '/home/yoon/yoon_urdf/install/urdf_tuto/lib'
[2.991s] [34mcolcon.colcon_core.environment[0m [1;30mLevel 1[0m checking '/home/yoon/yoon_urdf/install/urdf_tuto/bin'
[2.991s] [34mcolcon.colcon_core.environment[0m [1;30mLevel 1[0m checking '/home/yoon/yoon_urdf/install/urdf_tuto/lib/pkgconfig/urdf_tuto.pc'
[2.992s] [34mcolcon.colcon_core.environment[0m [1;30mLevel 1[0m checking '/home/yoon/yoon_urdf/install/urdf_tuto/lib/python3.10/site-packages'
[2.992s] [34mcolcon.colcon_core.shell[0m [1;30mLevel 1[0m create_environment_hook('urdf_tuto', 'pythonpath')
[2.992s] [34mcolcon.colcon_core.shell[0m [1;30mINFO[0m Creating environment hook '/home/yoon/yoon_urdf/install/urdf_tuto/share/urdf_tuto/hook/pythonpath.ps1'
[2.992s] [34mcolcon.colcon_core.shell[0m [1;30mINFO[0m Creating environment descriptor '/home/yoon/yoon_urdf/install/urdf_tuto/share/urdf_tuto/hook/pythonpath.dsv'
[2.993s] [34mcolcon.colcon_core.shell[0m [1;30mINFO[0m Creating environment hook '/home/yoon/yoon_urdf/install/urdf_tuto/share/urdf_tuto/hook/pythonpath.sh'
[2.993s] [34mcolcon.colcon_core.environment[0m [1;30mLevel 1[0m checking '/home/yoon/yoon_urdf/install/urdf_tuto/bin'
[2.993s] [34mcolcon.colcon_core.environment[0m [1;30mLevel 1[0m create_environment_scripts_only(urdf_tuto)
[2.994s] [34mcolcon.colcon_core.shell[0m [1;30mINFO[0m Creating package script '/home/yoon/yoon_urdf/install/urdf_tuto/share/urdf_tuto/package.ps1'
[2.994s] [34mcolcon.colcon_core.shell[0m [1;30mINFO[0m Creating package descriptor '/home/yoon/yoon_urdf/install/urdf_tuto/share/urdf_tuto/package.dsv'
[2.994s] [34mcolcon.colcon_core.shell[0m [1;30mINFO[0m Creating package script '/home/yoon/yoon_urdf/install/urdf_tuto/share/urdf_tuto/package.sh'
[2.995s] [34mcolcon.colcon_core.shell[0m [1;30mINFO[0m Creating package script '/home/yoon/yoon_urdf/install/urdf_tuto/share/urdf_tuto/package.bash'
[2.995s] [34mcolcon.colcon_core.shell[0m [1;30mINFO[0m Creating package script '/home/yoon/yoon_urdf/install/urdf_tuto/share/urdf_tuto/package.zsh'
[2.996s] [34mcolcon.colcon_core.environment[0m [1;30mLevel 1[0m create_file_with_runtime_dependencies(/home/yoon/yoon_urdf/install/urdf_tuto/share/colcon-core/packages/urdf_tuto)
[2.996s] [34mcolcon.colcon_parallel_executor.executor.parallel[0m [1;30mDEBUG[0m [32mclosing loop[0m
[2.996s] [34mcolcon.colcon_parallel_executor.executor.parallel[0m [1;30mDEBUG[0m [32mloop closed[0m
[2.996s] [34mcolcon.colcon_parallel_executor.executor.parallel[0m [1;30mDEBUG[0m [32mrun_until_complete finished with '0'[0m
[2.996s] [34mcolcon.colcon_core.event_reactor[0m [1;30mDEBUG[0m [32mjoining thread[0m
[3.023s] [34mcolcon.colcon_core.plugin_system[0m [1;30mINFO[0m Skipping extension 'colcon_notification.desktop_notification.terminal_notifier': Not used on non-Darwin systems
[3.023s] [34mcolcon.colcon_core.plugin_system[0m [1;30mINFO[0m Skipping extension 'colcon_notification.desktop_notification.win32': Not used on non-Windows systems
[3.023s] [34mcolcon.colcon_notification.desktop_notification[0m [1;30mINFO[0m Sending desktop notification using 'notify2'
[3.037s] [34mcolcon.colcon_core.event_reactor[0m [1;30mDEBUG[0m [32mjoined thread[0m
[3.038s] [34mcolcon.colcon_core.shell[0m [1;30mINFO[0m Creating prefix script '/home/yoon/yoon_urdf/install/local_setup.ps1'
[3.041s] [34mcolcon.colcon_core.shell[0m [1;30mINFO[0m Creating prefix util module '/home/yoon/yoon_urdf/install/_local_setup_util_ps1.py'
[3.044s] [34mcolcon.colcon_core.shell[0m [1;30mINFO[0m Creating prefix chain script '/home/yoon/yoon_urdf/install/setup.ps1'
[3.052s] [34mcolcon.colcon_core.shell[0m [1;30mINFO[0m Creating prefix script '/home/yoon/yoon_urdf/install/local_setup.sh'
[3.054s] [34mcolcon.colcon_core.shell[0m [1;30mINFO[0m Creating prefix util module '/home/yoon/yoon_urdf/install/_local_setup_util_sh.py'
[3.054s] [34mcolcon.colcon_core.shell[0m [1;30mINFO[0m Creating prefix chain script '/home/yoon/yoon_urdf/install/setup.sh'
[3.057s] [34mcolcon.colcon_core.shell[0m [1;30mINFO[0m Creating prefix script '/home/yoon/yoon_urdf/install/local_setup.bash'
[3.059s] [34mcolcon.colcon_core.shell[0m [1;30mINFO[0m Creating prefix chain script '/home/yoon/yoon_urdf/install/setup.bash'
[3.061s] [34mcolcon.colcon_core.shell[0m [1;30mINFO[0m Creating prefix script '/home/yoon/yoon_urdf/install/local_setup.zsh'
[3.062s] [34mcolcon.colcon_core.shell[0m [1;30mINFO[0m Creating prefix chain script '/home/yoon/yoon_urdf/install/setup.zsh'
