[0.114s] DEBUG:colcon:Command line arguments: ['/usr/bin/colcon', 'build']
[0.114s] DEBUG:colcon:Parsed command line arguments: Namespace(log_base=None, log_level=None, verb_name='build', build_base='build', install_base='install', merge_install=False, symlink_install=False, test_result_base=None, continue_on_error=False, executor='parallel', parallel_workers=16, event_handlers=None, ignore_user_meta=False, metas=['./colcon.meta'], base_paths=['.'], packages_ignore=None, packages_ignore_regex=None, paths=None, packages_up_to=None, packages_up_to_regex=None, packages_above=None, packages_above_and_dependencies=None, packages_above_depth=None, packages_select_by_dep=None, packages_skip_by_dep=None, packages_skip_up_to=None, packages_select_build_failed=False, packages_skip_build_finished=False, packages_select_test_failures=False, packages_skip_test_passed=False, packages_select=None, packages_skip=None, packages_select_regex=None, packages_skip_regex=None, packages_start=None, packages_end=None, allow_overriding=[], cmake_args=None, cmake_target=None, cmake_target_skip_unavailable=False, cmake_clean_cache=False, cmake_clean_first=False, cmake_force_configure=False, ament_cmake_args=None, catkin_cmake_args=None, catkin_skip_building_tests=False, verb_parser=<colcon_defaults.argument_parser.defaults.DefaultArgumentsDecorator object at 0x72379109ae60>, verb_extension=<colcon_core.verb.build.BuildVerb object at 0x72379109a8f0>, main=<bound method BuildVerb.main of <colcon_core.verb.build.BuildVerb object at 0x72379109a8f0>>)
[0.255s] Level 1:colcon.colcon_core.package_discovery:discover_packages(colcon_meta) check parameters
[0.255s] Level 1:colcon.colcon_core.package_discovery:discover_packages(recursive) check parameters
[0.255s] Level 1:colcon.colcon_core.package_discovery:discover_packages(ignore) check parameters
[0.255s] Level 1:colcon.colcon_core.package_discovery:discover_packages(path) check parameters
[0.255s] Level 1:colcon.colcon_core.package_discovery:discover_packages(colcon_meta) discover
[0.255s] Level 1:colcon.colcon_core.package_discovery:discover_packages(recursive) discover
[0.255s] INFO:colcon.colcon_core.package_discovery:Crawling recursively for packages in '/home/yoon/yoon_urdf'
[0.255s] Level 1:colcon.colcon_core.package_identification:_identify(.) by extensions ['ignore', 'ignore_ament_install']
[0.255s] Level 1:colcon.colcon_core.package_identification:_identify(.) by extension 'ignore'
[0.255s] Level 1:colcon.colcon_core.package_identification:_identify(.) by extension 'ignore_ament_install'
[0.255s] Level 1:colcon.colcon_core.package_identification:_identify(.) by extensions ['colcon_pkg']
[0.255s] Level 1:colcon.colcon_core.package_identification:_identify(.) by extension 'colcon_pkg'
[0.255s] Level 1:colcon.colcon_core.package_identification:_identify(.) by extensions ['colcon_meta']
[0.255s] Level 1:colcon.colcon_core.package_identification:_identify(.) by extension 'colcon_meta'
[0.256s] Level 1:colcon.colcon_core.package_identification:_identify(.) by extensions ['ros']
[0.256s] Level 1:colcon.colcon_core.package_identification:_identify(.) by extension 'ros'
[0.275s] Level 1:colcon.colcon_core.package_identification:_identify(.) by extensions ['cmake', 'python']
[0.275s] Level 1:colcon.colcon_core.package_identification:_identify(.) by extension 'cmake'
[0.275s] Level 1:colcon.colcon_core.package_identification:_identify(.) by extension 'python'
[0.275s] Level 1:colcon.colcon_core.package_identification:_identify(.) by extensions ['python_setup_py']
[0.275s] Level 1:colcon.colcon_core.package_identification:_identify(.) by extension 'python_setup_py'
[0.275s] Level 1:colcon.colcon_core.package_identification:_identify(build) by extensions ['ignore', 'ignore_ament_install']
[0.275s] Level 1:colcon.colcon_core.package_identification:_identify(build) by extension 'ignore'
[0.275s] Level 1:colcon.colcon_core.package_identification:_identify(build) ignored
[0.275s] Level 1:colcon.colcon_core.package_identification:_identify(install) by extensions ['ignore', 'ignore_ament_install']
[0.275s] Level 1:colcon.colcon_core.package_identification:_identify(install) by extension 'ignore'
[0.275s] Level 1:colcon.colcon_core.package_identification:_identify(install) ignored
[0.275s] Level 1:colcon.colcon_core.package_identification:_identify(log) by extensions ['ignore', 'ignore_ament_install']
[0.275s] Level 1:colcon.colcon_core.package_identification:_identify(log) by extension 'ignore'
[0.275s] Level 1:colcon.colcon_core.package_identification:_identify(log) ignored
[0.275s] Level 1:colcon.colcon_core.package_identification:_identify(src) by extensions ['ignore', 'ignore_ament_install']
[0.275s] Level 1:colcon.colcon_core.package_identification:_identify(src) by extension 'ignore'
[0.276s] Level 1:colcon.colcon_core.package_identification:_identify(src) by extension 'ignore_ament_install'
[0.276s] Level 1:colcon.colcon_core.package_identification:_identify(src) by extensions ['colcon_pkg']
[0.276s] Level 1:colcon.colcon_core.package_identification:_identify(src) by extension 'colcon_pkg'
[0.276s] Level 1:colcon.colcon_core.package_identification:_identify(src) by extensions ['colcon_meta']
[0.276s] Level 1:colcon.colcon_core.package_identification:_identify(src) by extension 'colcon_meta'
[0.276s] Level 1:colcon.colcon_core.package_identification:_identify(src) by extensions ['ros']
[0.276s] Level 1:colcon.colcon_core.package_identification:_identify(src) by extension 'ros'
[0.276s] Level 1:colcon.colcon_core.package_identification:_identify(src) by extensions ['cmake', 'python']
[0.276s] Level 1:colcon.colcon_core.package_identification:_identify(src) by extension 'cmake'
[0.276s] Level 1:colcon.colcon_core.package_identification:_identify(src) by extension 'python'
[0.276s] Level 1:colcon.colcon_core.package_identification:_identify(src) by extensions ['python_setup_py']
[0.276s] Level 1:colcon.colcon_core.package_identification:_identify(src) by extension 'python_setup_py'
[0.276s] Level 1:colcon.colcon_core.package_identification:_identify(src/urdf_tuto) by extensions ['ignore', 'ignore_ament_install']
[0.276s] Level 1:colcon.colcon_core.package_identification:_identify(src/urdf_tuto) by extension 'ignore'
[0.276s] Level 1:colcon.colcon_core.package_identification:_identify(src/urdf_tuto) by extension 'ignore_ament_install'
[0.276s] Level 1:colcon.colcon_core.package_identification:_identify(src/urdf_tuto) by extensions ['colcon_pkg']
[0.276s] Level 1:colcon.colcon_core.package_identification:_identify(src/urdf_tuto) by extension 'colcon_pkg'
[0.276s] Level 1:colcon.colcon_core.package_identification:_identify(src/urdf_tuto) by extensions ['colcon_meta']
[0.276s] Level 1:colcon.colcon_core.package_identification:_identify(src/urdf_tuto) by extension 'colcon_meta'
[0.276s] Level 1:colcon.colcon_core.package_identification:_identify(src/urdf_tuto) by extensions ['ros']
[0.276s] Level 1:colcon.colcon_core.package_identification:_identify(src/urdf_tuto) by extension 'ros'
[0.278s] DEBUG:colcon.colcon_core.package_identification:Package 'src/urdf_tuto' with type 'ros.ament_python' and name 'urdf_tuto'
[0.278s] Level 1:colcon.colcon_core.package_identification:_identify(src/yoon_urdf) by extensions ['ignore', 'ignore_ament_install']
[0.278s] Level 1:colcon.colcon_core.package_identification:_identify(src/yoon_urdf) by extension 'ignore'
[0.278s] Level 1:colcon.colcon_core.package_identification:_identify(src/yoon_urdf) by extension 'ignore_ament_install'
[0.278s] Level 1:colcon.colcon_core.package_identification:_identify(src/yoon_urdf) by extensions ['colcon_pkg']
[0.278s] Level 1:colcon.colcon_core.package_identification:_identify(src/yoon_urdf) by extension 'colcon_pkg'
[0.278s] Level 1:colcon.colcon_core.package_identification:_identify(src/yoon_urdf) by extensions ['colcon_meta']
[0.278s] Level 1:colcon.colcon_core.package_identification:_identify(src/yoon_urdf) by extension 'colcon_meta'
[0.278s] Level 1:colcon.colcon_core.package_identification:_identify(src/yoon_urdf) by extensions ['ros']
[0.278s] Level 1:colcon.colcon_core.package_identification:_identify(src/yoon_urdf) by extension 'ros'
[0.279s] DEBUG:colcon.colcon_core.package_identification:Package 'src/yoon_urdf' with type 'ros.ament_python' and name 'yoon_urdf'
[0.279s] Level 1:colcon.colcon_core.package_discovery:discover_packages(recursive) using defaults
[0.279s] Level 1:colcon.colcon_core.package_discovery:discover_packages(ignore) discover
[0.279s] Level 1:colcon.colcon_core.package_discovery:discover_packages(ignore) using defaults
[0.279s] Level 1:colcon.colcon_core.package_discovery:discover_packages(path) discover
[0.279s] Level 1:colcon.colcon_core.package_discovery:discover_packages(path) using defaults
[0.291s] Level 1:colcon.colcon_core.package_discovery:discover_packages(prefix_path) check parameters
[0.291s] Level 1:colcon.colcon_core.package_discovery:discover_packages(prefix_path) discover
[0.293s] DEBUG:colcon.colcon_installed_package_information.package_discovery:Found 463 installed packages in /opt/ros/humble
[0.295s] Level 1:colcon.colcon_core.package_discovery:discover_packages(prefix_path) using defaults
[0.332s] Level 5:colcon.colcon_core.verb:set package 'urdf_tuto' build argument 'cmake_args' from command line to 'None'
[0.332s] Level 5:colcon.colcon_core.verb:set package 'urdf_tuto' build argument 'cmake_target' from command line to 'None'
[0.332s] Level 5:colcon.colcon_core.verb:set package 'urdf_tuto' build argument 'cmake_target_skip_unavailable' from command line to 'False'
[0.332s] Level 5:colcon.colcon_core.verb:set package 'urdf_tuto' build argument 'cmake_clean_cache' from command line to 'False'
[0.332s] Level 5:colcon.colcon_core.verb:set package 'urdf_tuto' build argument 'cmake_clean_first' from command line to 'False'
[0.332s] Level 5:colcon.colcon_core.verb:set package 'urdf_tuto' build argument 'cmake_force_configure' from command line to 'False'
[0.332s] Level 5:colcon.colcon_core.verb:set package 'urdf_tuto' build argument 'ament_cmake_args' from command line to 'None'
[0.332s] Level 5:colcon.colcon_core.verb:set package 'urdf_tuto' build argument 'catkin_cmake_args' from command line to 'None'
[0.332s] Level 5:colcon.colcon_core.verb:set package 'urdf_tuto' build argument 'catkin_skip_building_tests' from command line to 'False'
[0.332s] DEBUG:colcon.colcon_core.verb:Building package 'urdf_tuto' with the following arguments: {'ament_cmake_args': None, 'build_base': '/home/yoon/yoon_urdf/build/urdf_tuto', 'catkin_cmake_args': None, 'catkin_skip_building_tests': False, 'cmake_args': None, 'cmake_clean_cache': False, 'cmake_clean_first': False, 'cmake_force_configure': False, 'cmake_target': None, 'cmake_target_skip_unavailable': False, 'install_base': '/home/yoon/yoon_urdf/install/urdf_tuto', 'merge_install': False, 'path': '/home/yoon/yoon_urdf/src/urdf_tuto', 'symlink_install': False, 'test_result_base': None}
[0.332s] Level 5:colcon.colcon_core.verb:set package 'yoon_urdf' build argument 'cmake_args' from command line to 'None'
[0.332s] Level 5:colcon.colcon_core.verb:set package 'yoon_urdf' build argument 'cmake_target' from command line to 'None'
[0.332s] Level 5:colcon.colcon_core.verb:set package 'yoon_urdf' build argument 'cmake_target_skip_unavailable' from command line to 'False'
[0.332s] Level 5:colcon.colcon_core.verb:set package 'yoon_urdf' build argument 'cmake_clean_cache' from command line to 'False'
[0.332s] Level 5:colcon.colcon_core.verb:set package 'yoon_urdf' build argument 'cmake_clean_first' from command line to 'False'
[0.332s] Level 5:colcon.colcon_core.verb:set package 'yoon_urdf' build argument 'cmake_force_configure' from command line to 'False'
[0.332s] Level 5:colcon.colcon_core.verb:set package 'yoon_urdf' build argument 'ament_cmake_args' from command line to 'None'
[0.332s] Level 5:colcon.colcon_core.verb:set package 'yoon_urdf' build argument 'catkin_cmake_args' from command line to 'None'
[0.333s] Level 5:colcon.colcon_core.verb:set package 'yoon_urdf' build argument 'catkin_skip_building_tests' from command line to 'False'
[0.333s] DEBUG:colcon.colcon_core.verb:Building package 'yoon_urdf' with the following arguments: {'ament_cmake_args': None, 'build_base': '/home/yoon/yoon_urdf/build/yoon_urdf', 'catkin_cmake_args': None, 'catkin_skip_building_tests': False, 'cmake_args': None, 'cmake_clean_cache': False, 'cmake_clean_first': False, 'cmake_force_configure': False, 'cmake_target': None, 'cmake_target_skip_unavailable': False, 'install_base': '/home/yoon/yoon_urdf/install/yoon_urdf', 'merge_install': False, 'path': '/home/yoon/yoon_urdf/src/yoon_urdf', 'symlink_install': False, 'test_result_base': None}
[0.333s] INFO:colcon.colcon_core.executor:Executing jobs using 'parallel' executor
[0.333s] DEBUG:colcon.colcon_parallel_executor.executor.parallel:run_until_complete
[0.333s] INFO:colcon.colcon_ros.task.ament_python.build:Building ROS package in '/home/yoon/yoon_urdf/src/urdf_tuto' with build type 'ament_python'
[0.334s] Level 1:colcon.colcon_core.shell:create_environment_hook('urdf_tuto', 'ament_prefix_path')
[0.336s] INFO:colcon.colcon_core.plugin_system:Skipping extension 'colcon_core.shell.bat': Not used on non-Windows systems
[0.336s] INFO:colcon.colcon_core.shell:Creating environment hook '/home/yoon/yoon_urdf/install/urdf_tuto/share/urdf_tuto/hook/ament_prefix_path.ps1'
[0.336s] INFO:colcon.colcon_core.shell:Creating environment descriptor '/home/yoon/yoon_urdf/install/urdf_tuto/share/urdf_tuto/hook/ament_prefix_path.dsv'
[0.337s] INFO:colcon.colcon_core.shell:Creating environment hook '/home/yoon/yoon_urdf/install/urdf_tuto/share/urdf_tuto/hook/ament_prefix_path.sh'
[0.337s] INFO:colcon.colcon_core.shell:Skip shell extension 'powershell' for command environment: Not usable outside of PowerShell
[0.337s] DEBUG:colcon.colcon_core.shell:Skip shell extension 'dsv' for command environment
[0.340s] INFO:colcon.colcon_ros.task.ament_python.build:Building ROS package in '/home/yoon/yoon_urdf/src/yoon_urdf' with build type 'ament_python'
[0.340s] Level 1:colcon.colcon_core.shell:create_environment_hook('yoon_urdf', 'ament_prefix_path')
[0.340s] INFO:colcon.colcon_core.shell:Creating environment hook '/home/yoon/yoon_urdf/install/yoon_urdf/share/yoon_urdf/hook/ament_prefix_path.ps1'
[0.340s] INFO:colcon.colcon_core.shell:Creating environment descriptor '/home/yoon/yoon_urdf/install/yoon_urdf/share/yoon_urdf/hook/ament_prefix_path.dsv'
[0.341s] INFO:colcon.colcon_core.shell:Creating environment hook '/home/yoon/yoon_urdf/install/yoon_urdf/share/yoon_urdf/hook/ament_prefix_path.sh'
[0.341s] INFO:colcon.colcon_core.shell:Skip shell extension 'powershell' for command environment: Not usable outside of PowerShell
[0.341s] DEBUG:colcon.colcon_core.shell:Skip shell extension 'dsv' for command environment
[0.528s] INFO:colcon.colcon_core.task.python.build:Building Python package in '/home/yoon/yoon_urdf/src/urdf_tuto'
[0.528s] INFO:colcon.colcon_core.shell:Skip shell extension 'powershell' for command environment: Not usable outside of PowerShell
[0.528s] DEBUG:colcon.colcon_core.shell:Skip shell extension 'dsv' for command environment
[0.724s] INFO:colcon.colcon_core.task.python.build:Building Python package in '/home/yoon/yoon_urdf/src/yoon_urdf'
[0.725s] INFO:colcon.colcon_core.shell:Skip shell extension 'powershell' for command environment: Not usable outside of PowerShell
[0.725s] DEBUG:colcon.colcon_core.shell:Skip shell extension 'dsv' for command environment
[1.033s] DEBUG:colcon.colcon_core.event_handler.log_command:Invoking command in '/home/yoon/yoon_urdf/src/yoon_urdf': PYTHONPATH=/home/yoon/yoon_urdf/build/yoon_urdf/prefix_override:/usr/lib/python3/dist-packages/colcon_core/task/python/colcon_distutils_commands:/home/yoon/yoon_urdf/install/yoon_urdf/lib/python3.10/site-packages:${PYTHONPATH} /usr/bin/python3 -W ignore:setup.py install is deprecated -W ignore:easy_install command is deprecated setup.py egg_info --egg-base ../../build/yoon_urdf build --build-base /home/yoon/yoon_urdf/build/yoon_urdf/build install --record /home/yoon/yoon_urdf/build/yoon_urdf/install.log --single-version-externally-managed install_data
[1.037s] DEBUG:colcon.colcon_core.event_handler.log_command:Invoking command in '/home/yoon/yoon_urdf/src/urdf_tuto': PYTHONPATH=/home/yoon/yoon_urdf/build/urdf_tuto/prefix_override:/usr/lib/python3/dist-packages/colcon_core/task/python/colcon_distutils_commands:/home/yoon/yoon_urdf/install/urdf_tuto/lib/python3.10/site-packages:${PYTHONPATH} /usr/bin/python3 -W ignore:setup.py install is deprecated -W ignore:easy_install command is deprecated setup.py egg_info --egg-base ../../build/urdf_tuto build --build-base /home/yoon/yoon_urdf/build/urdf_tuto/build install --record /home/yoon/yoon_urdf/build/urdf_tuto/install.log --single-version-externally-managed install_data
[1.245s] DEBUG:colcon.colcon_core.event_handler.log_command:Invoked command in '/home/yoon/yoon_urdf/src/yoon_urdf' returned '0': PYTHONPATH=/home/yoon/yoon_urdf/build/yoon_urdf/prefix_override:/usr/lib/python3/dist-packages/colcon_core/task/python/colcon_distutils_commands:/home/yoon/yoon_urdf/install/yoon_urdf/lib/python3.10/site-packages:${PYTHONPATH} /usr/bin/python3 -W ignore:setup.py install is deprecated -W ignore:easy_install command is deprecated setup.py egg_info --egg-base ../../build/yoon_urdf build --build-base /home/yoon/yoon_urdf/build/yoon_urdf/build install --record /home/yoon/yoon_urdf/build/yoon_urdf/install.log --single-version-externally-managed install_data
[1.248s] Level 1:colcon.colcon_core.environment:checking '/home/yoon/yoon_urdf/install/yoon_urdf' for CMake module files
[1.248s] Level 1:colcon.colcon_core.environment:checking '/home/yoon/yoon_urdf/install/yoon_urdf' for CMake config files
[1.249s] Level 1:colcon.colcon_core.environment:checking '/home/yoon/yoon_urdf/install/yoon_urdf/lib'
[1.249s] Level 1:colcon.colcon_core.environment:checking '/home/yoon/yoon_urdf/install/yoon_urdf/bin'
[1.249s] Level 1:colcon.colcon_core.environment:checking '/home/yoon/yoon_urdf/install/yoon_urdf/lib/pkgconfig/yoon_urdf.pc'
[1.249s] Level 1:colcon.colcon_core.environment:checking '/home/yoon/yoon_urdf/install/yoon_urdf/lib/python3.10/site-packages'
[1.249s] Level 1:colcon.colcon_core.shell:create_environment_hook('yoon_urdf', 'pythonpath')
[1.249s] INFO:colcon.colcon_core.shell:Creating environment hook '/home/yoon/yoon_urdf/install/yoon_urdf/share/yoon_urdf/hook/pythonpath.ps1'
[1.250s] INFO:colcon.colcon_core.shell:Creating environment descriptor '/home/yoon/yoon_urdf/install/yoon_urdf/share/yoon_urdf/hook/pythonpath.dsv'
[1.250s] INFO:colcon.colcon_core.shell:Creating environment hook '/home/yoon/yoon_urdf/install/yoon_urdf/share/yoon_urdf/hook/pythonpath.sh'
[1.250s] Level 1:colcon.colcon_core.environment:checking '/home/yoon/yoon_urdf/install/yoon_urdf/bin'
[1.250s] Level 1:colcon.colcon_core.environment:create_environment_scripts_only(yoon_urdf)
[1.251s] INFO:colcon.colcon_core.shell:Creating package script '/home/yoon/yoon_urdf/install/yoon_urdf/share/yoon_urdf/package.ps1'
[1.251s] INFO:colcon.colcon_core.shell:Creating package descriptor '/home/yoon/yoon_urdf/install/yoon_urdf/share/yoon_urdf/package.dsv'
[1.252s] INFO:colcon.colcon_core.shell:Creating package script '/home/yoon/yoon_urdf/install/yoon_urdf/share/yoon_urdf/package.sh'
[1.252s] INFO:colcon.colcon_core.shell:Creating package script '/home/yoon/yoon_urdf/install/yoon_urdf/share/yoon_urdf/package.bash'
[1.253s] INFO:colcon.colcon_core.shell:Creating package script '/home/yoon/yoon_urdf/install/yoon_urdf/share/yoon_urdf/package.zsh'
[1.253s] Level 1:colcon.colcon_core.environment:create_file_with_runtime_dependencies(/home/yoon/yoon_urdf/install/yoon_urdf/share/colcon-core/packages/yoon_urdf)
[1.254s] Level 1:colcon.colcon_core.environment:checking '/home/yoon/yoon_urdf/install/urdf_tuto' for CMake module files
[1.254s] DEBUG:colcon.colcon_core.event_handler.log_command:Invoked command in '/home/yoon/yoon_urdf/src/urdf_tuto' returned '0': PYTHONPATH=/home/yoon/yoon_urdf/build/urdf_tuto/prefix_override:/usr/lib/python3/dist-packages/colcon_core/task/python/colcon_distutils_commands:/home/yoon/yoon_urdf/install/urdf_tuto/lib/python3.10/site-packages:${PYTHONPATH} /usr/bin/python3 -W ignore:setup.py install is deprecated -W ignore:easy_install command is deprecated setup.py egg_info --egg-base ../../build/urdf_tuto build --build-base /home/yoon/yoon_urdf/build/urdf_tuto/build install --record /home/yoon/yoon_urdf/build/urdf_tuto/install.log --single-version-externally-managed install_data
[1.254s] Level 1:colcon.colcon_core.environment:checking '/home/yoon/yoon_urdf/install/urdf_tuto' for CMake config files
[1.255s] Level 1:colcon.colcon_core.environment:checking '/home/yoon/yoon_urdf/install/urdf_tuto/lib'
[1.255s] Level 1:colcon.colcon_core.environment:checking '/home/yoon/yoon_urdf/install/urdf_tuto/bin'
[1.255s] Level 1:colcon.colcon_core.environment:checking '/home/yoon/yoon_urdf/install/urdf_tuto/lib/pkgconfig/urdf_tuto.pc'
[1.256s] Level 1:colcon.colcon_core.environment:checking '/home/yoon/yoon_urdf/install/urdf_tuto/lib/python3.10/site-packages'
[1.256s] Level 1:colcon.colcon_core.shell:create_environment_hook('urdf_tuto', 'pythonpath')
[1.256s] INFO:colcon.colcon_core.shell:Creating environment hook '/home/yoon/yoon_urdf/install/urdf_tuto/share/urdf_tuto/hook/pythonpath.ps1'
[1.256s] INFO:colcon.colcon_core.shell:Creating environment descriptor '/home/yoon/yoon_urdf/install/urdf_tuto/share/urdf_tuto/hook/pythonpath.dsv'
[1.257s] INFO:colcon.colcon_core.shell:Creating environment hook '/home/yoon/yoon_urdf/install/urdf_tuto/share/urdf_tuto/hook/pythonpath.sh'
[1.257s] Level 1:colcon.colcon_core.environment:checking '/home/yoon/yoon_urdf/install/urdf_tuto/bin'
[1.257s] Level 1:colcon.colcon_core.environment:create_environment_scripts_only(urdf_tuto)
[1.257s] INFO:colcon.colcon_core.shell:Creating package script '/home/yoon/yoon_urdf/install/urdf_tuto/share/urdf_tuto/package.ps1'
[1.257s] INFO:colcon.colcon_core.shell:Creating package descriptor '/home/yoon/yoon_urdf/install/urdf_tuto/share/urdf_tuto/package.dsv'
[1.258s] INFO:colcon.colcon_core.shell:Creating package script '/home/yoon/yoon_urdf/install/urdf_tuto/share/urdf_tuto/package.sh'
[1.258s] INFO:colcon.colcon_core.shell:Creating package script '/home/yoon/yoon_urdf/install/urdf_tuto/share/urdf_tuto/package.bash'
[1.258s] INFO:colcon.colcon_core.shell:Creating package script '/home/yoon/yoon_urdf/install/urdf_tuto/share/urdf_tuto/package.zsh'
[1.258s] Level 1:colcon.colcon_core.environment:create_file_with_runtime_dependencies(/home/yoon/yoon_urdf/install/urdf_tuto/share/colcon-core/packages/urdf_tuto)
[1.259s] DEBUG:colcon.colcon_parallel_executor.executor.parallel:closing loop
[1.259s] DEBUG:colcon.colcon_parallel_executor.executor.parallel:loop closed
[1.259s] DEBUG:colcon.colcon_parallel_executor.executor.parallel:run_until_complete finished with '0'
[1.259s] DEBUG:colcon.colcon_core.event_reactor:joining thread
[1.263s] INFO:colcon.colcon_core.plugin_system:Skipping extension 'colcon_notification.desktop_notification.terminal_notifier': Not used on non-Darwin systems
[1.263s] INFO:colcon.colcon_core.plugin_system:Skipping extension 'colcon_notification.desktop_notification.win32': Not used on non-Windows systems
[1.263s] INFO:colcon.colcon_notification.desktop_notification:Sending desktop notification using 'notify2'
[1.280s] DEBUG:colcon.colcon_core.event_reactor:joined thread
[1.280s] INFO:colcon.colcon_core.shell:Creating prefix script '/home/yoon/yoon_urdf/install/local_setup.ps1'
[1.281s] INFO:colcon.colcon_core.shell:Creating prefix util module '/home/yoon/yoon_urdf/install/_local_setup_util_ps1.py'
[1.282s] INFO:colcon.colcon_core.shell:Creating prefix chain script '/home/yoon/yoon_urdf/install/setup.ps1'
[1.282s] INFO:colcon.colcon_core.shell:Creating prefix script '/home/yoon/yoon_urdf/install/local_setup.sh'
[1.283s] INFO:colcon.colcon_core.shell:Creating prefix util module '/home/yoon/yoon_urdf/install/_local_setup_util_sh.py'
[1.283s] INFO:colcon.colcon_core.shell:Creating prefix chain script '/home/yoon/yoon_urdf/install/setup.sh'
[1.284s] INFO:colcon.colcon_core.shell:Creating prefix script '/home/yoon/yoon_urdf/install/local_setup.bash'
[1.284s] INFO:colcon.colcon_core.shell:Creating prefix chain script '/home/yoon/yoon_urdf/install/setup.bash'
[1.285s] INFO:colcon.colcon_core.shell:Creating prefix script '/home/yoon/yoon_urdf/install/local_setup.zsh'
[1.285s] INFO:colcon.colcon_core.shell:Creating prefix chain script '/home/yoon/yoon_urdf/install/setup.zsh'
