[0.625s] Invoking command in '/home/yoon/yoon_urdf/src/urdf_tuto': PYTHONPATH=/home/yoon/yoon_urdf/build/urdf_tuto/prefix_override:/usr/lib/python3/dist-packages/colcon_core/task/python/colcon_distutils_commands:/home/yoon/yoon_urdf/install/urdf_tuto/lib/python3.10/site-packages:${PYTHONPATH} /usr/bin/python3 -W ignore:setup.py install is deprecated -W ignore:easy_install command is deprecated setup.py egg_info --egg-base ../../build/urdf_tuto build --build-base /home/yoon/yoon_urdf/build/urdf_tuto/build install --record /home/yoon/yoon_urdf/build/urdf_tuto/install.log --single-version-externally-managed install_data
[0.793s] running egg_info
[0.793s] writing ../../build/urdf_tuto/urdf_tuto.egg-info/PKG-INFO
[0.793s] writing dependency_links to ../../build/urdf_tuto/urdf_tuto.egg-info/dependency_links.txt
[0.794s] writing entry points to ../../build/urdf_tuto/urdf_tuto.egg-info/entry_points.txt
[0.794s] writing requirements to ../../build/urdf_tuto/urdf_tuto.egg-info/requires.txt
[0.794s] writing top-level names to ../../build/urdf_tuto/urdf_tuto.egg-info/top_level.txt
[0.795s] reading manifest file '../../build/urdf_tuto/urdf_tuto.egg-info/SOURCES.txt'
[0.796s] writing manifest file '../../build/urdf_tuto/urdf_tuto.egg-info/SOURCES.txt'
[0.797s] running build
[0.797s] running build_py
[0.797s] creating /home/yoon/yoon_urdf/build/urdf_tuto/build/lib/drone_detector
[0.797s] copying drone_detector/__init__.py -> /home/yoon/yoon_urdf/build/urdf_tuto/build/lib/drone_detector
[0.797s] copying drone_detector/drone_detector_01.py -> /home/yoon/yoon_urdf/build/urdf_tuto/build/lib/drone_detector
[0.797s] running install
[0.798s] running install_lib
[0.798s] creating /home/yoon/yoon_urdf/install/urdf_tuto/lib/python3.10/site-packages/drone_detector
[0.798s] copying /home/yoon/yoon_urdf/build/urdf_tuto/build/lib/drone_detector/__init__.py -> /home/yoon/yoon_urdf/install/urdf_tuto/lib/python3.10/site-packages/drone_detector
[0.798s] copying /home/yoon/yoon_urdf/build/urdf_tuto/build/lib/drone_detector/drone_detector_01.py -> /home/yoon/yoon_urdf/install/urdf_tuto/lib/python3.10/site-packages/drone_detector
[0.799s] byte-compiling /home/yoon/yoon_urdf/install/urdf_tuto/lib/python3.10/site-packages/drone_detector/__init__.py to __init__.cpython-310.pyc
[0.799s] byte-compiling /home/yoon/yoon_urdf/install/urdf_tuto/lib/python3.10/site-packages/drone_detector/drone_detector_01.py to drone_detector_01.cpython-310.pyc
[0.799s] running install_data
[0.801s] copying drone_detector/__init__.py -> /home/yoon/yoon_urdf/install/urdf_tuto/share/urdf_tuto/drone_detector
[0.801s] running install_egg_info
[0.802s] removing '/home/yoon/yoon_urdf/install/urdf_tuto/lib/python3.10/site-packages/urdf_tuto-0.0.0-py3.10.egg-info' (and everything under it)
[0.802s] Copying ../../build/urdf_tuto/urdf_tuto.egg-info to /home/yoon/yoon_urdf/install/urdf_tuto/lib/python3.10/site-packages/urdf_tuto-0.0.0-py3.10.egg-info
[0.803s] running install_scripts
[0.815s] Installing drone_detector script to /home/yoon/yoon_urdf/install/urdf_tuto/lib/urdf_tuto
[0.815s] Installing fire_detector script to /home/yoon/yoon_urdf/install/urdf_tuto/lib/urdf_tuto
[0.815s] Installing yolo_detector script to /home/yoon/yoon_urdf/install/urdf_tuto/lib/urdf_tuto
[0.816s] writing list of installed files to '/home/yoon/yoon_urdf/build/urdf_tuto/install.log'
[0.838s] Invoked command in '/home/yoon/yoon_urdf/src/urdf_tuto' returned '0': PYTHONPATH=/home/yoon/yoon_urdf/build/urdf_tuto/prefix_override:/usr/lib/python3/dist-packages/colcon_core/task/python/colcon_distutils_commands:/home/yoon/yoon_urdf/install/urdf_tuto/lib/python3.10/site-packages:${PYTHONPATH} /usr/bin/python3 -W ignore:setup.py install is deprecated -W ignore:easy_install command is deprecated setup.py egg_info --egg-base ../../build/urdf_tuto build --build-base /home/yoon/yoon_urdf/build/urdf_tuto/build install --record /home/yoon/yoon_urdf/build/urdf_tuto/install.log --single-version-externally-managed install_data
