running egg_info
writing ../../build/urdf_tuto/urdf_tuto.egg-info/PKG-INFO
writing dependency_links to ../../build/urdf_tuto/urdf_tuto.egg-info/dependency_links.txt
writing entry points to ../../build/urdf_tuto/urdf_tuto.egg-info/entry_points.txt
writing requirements to ../../build/urdf_tuto/urdf_tuto.egg-info/requires.txt
writing top-level names to ../../build/urdf_tuto/urdf_tuto.egg-info/top_level.txt
reading manifest file '../../build/urdf_tuto/urdf_tuto.egg-info/SOURCES.txt'
writing manifest file '../../build/urdf_tuto/urdf_tuto.egg-info/SOURCES.txt'
running build
running build_py
copying urdf_tuto/__init__.py -> /home/yoon/yoon_urdf/build/urdf_tuto/build/lib/urdf_tuto
copying yolo/yolo_detector.py -> /home/yoon/yoon_urdf/build/urdf_tuto/build/lib/yolo
copying yolo/__init__.py -> /home/yoon/yoon_urdf/build/urdf_tuto/build/lib/yolo
running install
running install_lib
running install_data
copying resource/urdf_tuto -> /home/yoon/yoon_urdf/install/urdf_tuto/share/ament_index/resource_index/packages
copying package.xml -> /home/yoon/yoon_urdf/install/urdf_tuto/share/urdf_tuto
copying launch/robot_3.launch.py -> /home/yoon/yoon_urdf/install/urdf_tuto/share/urdf_tuto/launch
copying launch/robot_1.launch.py -> /home/yoon/yoon_urdf/install/urdf_tuto/share/urdf_tuto/launch
copying launch/robot_2.launch.py -> /home/yoon/yoon_urdf/install/urdf_tuto/share/urdf_tuto/launch
copying launch/launch_sim.launch.py -> /home/yoon/yoon_urdf/install/urdf_tuto/share/urdf_tuto/launch
copying urdf/robot_1.xacro -> /home/yoon/yoon_urdf/install/urdf_tuto/share/urdf_tuto/urdf
copying urdf/robot_2.xacro -> /home/yoon/yoon_urdf/install/urdf_tuto/share/urdf_tuto/urdf
copying urdf/macro.xacro -> /home/yoon/yoon_urdf/install/urdf_tuto/share/urdf_tuto/urdf
copying urdf/robot_3.xacro -> /home/yoon/yoon_urdf/install/urdf_tuto/share/urdf_tuto/urdf
copying urdf/gazebo.xacro -> /home/yoon/yoon_urdf/install/urdf_tuto/share/urdf_tuto/urdf
copying world/obstacle.world -> /home/yoon/yoon_urdf/install/urdf_tuto/share/urdf_tuto/world
copying world/office_small.world -> /home/yoon/yoon_urdf/install/urdf_tuto/share/urdf_tuto/world
copying world/asdfasdfasd.world -> /home/yoon/yoon_urdf/install/urdf_tuto/share/urdf_tuto/world
copying world/warehouse.world -> /home/yoon/yoon_urdf/install/urdf_tuto/share/urdf_tuto/world
copying world/house.world -> /home/yoon/yoon_urdf/install/urdf_tuto/share/urdf_tuto/world
copying config/robot1.rviz -> /home/yoon/yoon_urdf/install/urdf_tuto/share/urdf_tuto/config
copying yolo/yolov8n.pt -> /home/yoon/yoon_urdf/install/urdf_tuto/share/urdf_tuto/yolo
running install_egg_info
removing '/home/yoon/yoon_urdf/install/urdf_tuto/lib/python3.10/site-packages/urdf_tuto-0.0.0-py3.10.egg-info' (and everything under it)
Copying ../../build/urdf_tuto/urdf_tuto.egg-info to /home/yoon/yoon_urdf/install/urdf_tuto/lib/python3.10/site-packages/urdf_tuto-0.0.0-py3.10.egg-info
running install_scripts
Installing yolo_detector script to /home/yoon/yoon_urdf/install/urdf_tuto/lib/urdf_tuto
writing list of installed files to '/home/yoon/yoon_urdf/build/urdf_tuto/install.log'
