[0.637s] Invoking command in '/home/yoon/yoon_urdf/src/urdf_tuto': PYTHONPATH=/home/yoon/yoon_urdf/build/urdf_tuto/prefix_override:/usr/lib/python3/dist-packages/colcon_core/task/python/colcon_distutils_commands:/home/yoon/yoon_urdf/install/urdf_tuto/lib/python3.10/site-packages:${PYTHONPATH} /usr/bin/python3 -W ignore:setup.py install is deprecated -W ignore:easy_install command is deprecated setup.py egg_info --egg-base ../../build/urdf_tuto build --build-base /home/yoon/yoon_urdf/build/urdf_tuto/build install --record /home/yoon/yoon_urdf/build/urdf_tuto/install.log --single-version-externally-managed install_data
[0.814s] running egg_info
[0.814s] creating ../../build/urdf_tuto/urdf_tuto.egg-info
[0.814s] writing ../../build/urdf_tuto/urdf_tuto.egg-info/PKG-INFO
[0.814s] writing dependency_links to ../../build/urdf_tuto/urdf_tuto.egg-info/dependency_links.txt
[0.815s] writing entry points to ../../build/urdf_tuto/urdf_tuto.egg-info/entry_points.txt
[0.815s] writing requirements to ../../build/urdf_tuto/urdf_tuto.egg-info/requires.txt
[0.815s] writing top-level names to ../../build/urdf_tuto/urdf_tuto.egg-info/top_level.txt
[0.815s] writing manifest file '../../build/urdf_tuto/urdf_tuto.egg-info/SOURCES.txt'
[0.816s] reading manifest file '../../build/urdf_tuto/urdf_tuto.egg-info/SOURCES.txt'
[0.817s] writing manifest file '../../build/urdf_tuto/urdf_tuto.egg-info/SOURCES.txt'
[0.817s] running build
[0.817s] running build_py
[0.817s] creating /home/yoon/yoon_urdf/build/urdf_tuto/build
[0.817s] creating /home/yoon/yoon_urdf/build/urdf_tuto/build/lib
[0.817s] creating /home/yoon/yoon_urdf/build/urdf_tuto/build/lib/yolo
[0.817s] copying yolo/yolo_detector.py -> /home/yoon/yoon_urdf/build/urdf_tuto/build/lib/yolo
[0.817s] copying yolo/__init__.py -> /home/yoon/yoon_urdf/build/urdf_tuto/build/lib/yolo
[0.818s] creating /home/yoon/yoon_urdf/build/urdf_tuto/build/lib/urdf_tuto
[0.818s] copying urdf_tuto/__init__.py -> /home/yoon/yoon_urdf/build/urdf_tuto/build/lib/urdf_tuto
[0.818s] creating /home/yoon/yoon_urdf/build/urdf_tuto/build/lib/fire_detect
[0.818s] copying fire_detect/fire_detector_01.py -> /home/yoon/yoon_urdf/build/urdf_tuto/build/lib/fire_detect
[0.818s] copying fire_detect/roboflow_test.py -> /home/yoon/yoon_urdf/build/urdf_tuto/build/lib/fire_detect
[0.818s] copying fire_detect/__init__.py -> /home/yoon/yoon_urdf/build/urdf_tuto/build/lib/fire_detect
[0.818s] copying fire_detect/fire_detector.py -> /home/yoon/yoon_urdf/build/urdf_tuto/build/lib/fire_detect
[0.818s] creating /home/yoon/yoon_urdf/build/urdf_tuto/build/lib/drone_detector
[0.818s] copying drone_detector/__init__.py -> /home/yoon/yoon_urdf/build/urdf_tuto/build/lib/drone_detector
[0.818s] copying drone_detector/drone_detector_01.py -> /home/yoon/yoon_urdf/build/urdf_tuto/build/lib/drone_detector
[0.818s] copying drone_detector/drone_detector_phone.py -> /home/yoon/yoon_urdf/build/urdf_tuto/build/lib/drone_detector
[0.818s] running install
[0.818s] running install_lib
[0.819s] creating /home/yoon/yoon_urdf/install/urdf_tuto/lib/python3.10/site-packages/yolo
[0.819s] copying /home/yoon/yoon_urdf/build/urdf_tuto/build/lib/yolo/yolo_detector.py -> /home/yoon/yoon_urdf/install/urdf_tuto/lib/python3.10/site-packages/yolo
[0.819s] copying /home/yoon/yoon_urdf/build/urdf_tuto/build/lib/yolo/__init__.py -> /home/yoon/yoon_urdf/install/urdf_tuto/lib/python3.10/site-packages/yolo
[0.819s] creating /home/yoon/yoon_urdf/install/urdf_tuto/lib/python3.10/site-packages/urdf_tuto
[0.819s] copying /home/yoon/yoon_urdf/build/urdf_tuto/build/lib/urdf_tuto/__init__.py -> /home/yoon/yoon_urdf/install/urdf_tuto/lib/python3.10/site-packages/urdf_tuto
[0.819s] creating /home/yoon/yoon_urdf/install/urdf_tuto/lib/python3.10/site-packages/fire_detect
[0.819s] copying /home/yoon/yoon_urdf/build/urdf_tuto/build/lib/fire_detect/fire_detector_01.py -> /home/yoon/yoon_urdf/install/urdf_tuto/lib/python3.10/site-packages/fire_detect
[0.819s] copying /home/yoon/yoon_urdf/build/urdf_tuto/build/lib/fire_detect/roboflow_test.py -> /home/yoon/yoon_urdf/install/urdf_tuto/lib/python3.10/site-packages/fire_detect
[0.819s] copying /home/yoon/yoon_urdf/build/urdf_tuto/build/lib/fire_detect/__init__.py -> /home/yoon/yoon_urdf/install/urdf_tuto/lib/python3.10/site-packages/fire_detect
[0.820s] copying /home/yoon/yoon_urdf/build/urdf_tuto/build/lib/fire_detect/fire_detector.py -> /home/yoon/yoon_urdf/install/urdf_tuto/lib/python3.10/site-packages/fire_detect
[0.820s] creating /home/yoon/yoon_urdf/install/urdf_tuto/lib/python3.10/site-packages/drone_detector
[0.820s] copying /home/yoon/yoon_urdf/build/urdf_tuto/build/lib/drone_detector/__init__.py -> /home/yoon/yoon_urdf/install/urdf_tuto/lib/python3.10/site-packages/drone_detector
[0.820s] copying /home/yoon/yoon_urdf/build/urdf_tuto/build/lib/drone_detector/drone_detector_01.py -> /home/yoon/yoon_urdf/install/urdf_tuto/lib/python3.10/site-packages/drone_detector
[0.820s] copying /home/yoon/yoon_urdf/build/urdf_tuto/build/lib/drone_detector/drone_detector_phone.py -> /home/yoon/yoon_urdf/install/urdf_tuto/lib/python3.10/site-packages/drone_detector
[0.820s] byte-compiling /home/yoon/yoon_urdf/install/urdf_tuto/lib/python3.10/site-packages/yolo/yolo_detector.py to yolo_detector.cpython-310.pyc
[0.821s] byte-compiling /home/yoon/yoon_urdf/install/urdf_tuto/lib/python3.10/site-packages/yolo/__init__.py to __init__.cpython-310.pyc
[0.821s] byte-compiling /home/yoon/yoon_urdf/install/urdf_tuto/lib/python3.10/site-packages/urdf_tuto/__init__.py to __init__.cpython-310.pyc
[0.821s] byte-compiling /home/yoon/yoon_urdf/install/urdf_tuto/lib/python3.10/site-packages/fire_detect/fire_detector_01.py to fire_detector_01.cpython-310.pyc
[0.821s] byte-compiling /home/yoon/yoon_urdf/install/urdf_tuto/lib/python3.10/site-packages/fire_detect/roboflow_test.py to roboflow_test.cpython-310.pyc
[0.821s] byte-compiling /home/yoon/yoon_urdf/install/urdf_tuto/lib/python3.10/site-packages/fire_detect/__init__.py to __init__.cpython-310.pyc
[0.821s] byte-compiling /home/yoon/yoon_urdf/install/urdf_tuto/lib/python3.10/site-packages/fire_detect/fire_detector.py to fire_detector.cpython-310.pyc
[0.822s] byte-compiling /home/yoon/yoon_urdf/install/urdf_tuto/lib/python3.10/site-packages/drone_detector/__init__.py to __init__.cpython-310.pyc
[0.822s] byte-compiling /home/yoon/yoon_urdf/install/urdf_tuto/lib/python3.10/site-packages/drone_detector/drone_detector_01.py to drone_detector_01.cpython-310.pyc
[0.822s] byte-compiling /home/yoon/yoon_urdf/install/urdf_tuto/lib/python3.10/site-packages/drone_detector/drone_detector_phone.py to drone_detector_phone.cpython-310.pyc
[0.823s] running install_data
[0.823s] creating /home/yoon/yoon_urdf/install/urdf_tuto/share/ament_index
[0.823s] creating /home/yoon/yoon_urdf/install/urdf_tuto/share/ament_index/resource_index
[0.823s] creating /home/yoon/yoon_urdf/install/urdf_tuto/share/ament_index/resource_index/packages
[0.823s] copying resource/urdf_tuto -> /home/yoon/yoon_urdf/install/urdf_tuto/share/ament_index/resource_index/packages
[0.823s] copying package.xml -> /home/yoon/yoon_urdf/install/urdf_tuto/share/urdf_tuto
[0.823s] creating /home/yoon/yoon_urdf/install/urdf_tuto/share/urdf_tuto/launch
[0.823s] copying launch/robot_3.launch.py -> /home/yoon/yoon_urdf/install/urdf_tuto/share/urdf_tuto/launch
[0.823s] copying launch/robot_2.launch.py -> /home/yoon/yoon_urdf/install/urdf_tuto/share/urdf_tuto/launch
[0.823s] copying launch/fire_detect.launch.py -> /home/yoon/yoon_urdf/install/urdf_tuto/share/urdf_tuto/launch
[0.823s] copying launch/cartographer.launch.py -> /home/yoon/yoon_urdf/install/urdf_tuto/share/urdf_tuto/launch
[0.823s] copying launch/launch_sim.launch.py -> /home/yoon/yoon_urdf/install/urdf_tuto/share/urdf_tuto/launch
[0.823s] copying launch/navigation.launch.py -> /home/yoon/yoon_urdf/install/urdf_tuto/share/urdf_tuto/launch
[0.823s] copying launch/robot_1.launch.py -> /home/yoon/yoon_urdf/install/urdf_tuto/share/urdf_tuto/launch
[0.823s] copying launch/drone_detect.launch.py -> /home/yoon/yoon_urdf/install/urdf_tuto/share/urdf_tuto/launch
[0.823s] creating /home/yoon/yoon_urdf/install/urdf_tuto/share/urdf_tuto/urdf
[0.823s] copying urdf/robot_1.xacro -> /home/yoon/yoon_urdf/install/urdf_tuto/share/urdf_tuto/urdf
[0.824s] copying urdf/robot_3.xacro -> /home/yoon/yoon_urdf/install/urdf_tuto/share/urdf_tuto/urdf
[0.824s] copying urdf/gazebo.xacro -> /home/yoon/yoon_urdf/install/urdf_tuto/share/urdf_tuto/urdf
[0.824s] copying urdf/macro.xacro -> /home/yoon/yoon_urdf/install/urdf_tuto/share/urdf_tuto/urdf
[0.824s] copying urdf/robot_2.xacro -> /home/yoon/yoon_urdf/install/urdf_tuto/share/urdf_tuto/urdf
[0.824s] creating /home/yoon/yoon_urdf/install/urdf_tuto/share/urdf_tuto/world
[0.824s] copying world/simple_env_2.world -> /home/yoon/yoon_urdf/install/urdf_tuto/share/urdf_tuto/world
[0.825s] copying world/cyberzoo_orange_poles.world -> /home/yoon/yoon_urdf/install/urdf_tuto/share/urdf_tuto/world
[0.825s] copying world/cyberzoo2019_orange_poles_panels.world -> /home/yoon/yoon_urdf/install/urdf_tuto/share/urdf_tuto/world
[0.825s] copying world/fetchit_challenge_tests.world -> /home/yoon/yoon_urdf/install/urdf_tuto/share/urdf_tuto/world
[0.825s] copying world/office_cpr.world -> /home/yoon/yoon_urdf/install/urdf_tuto/share/urdf_tuto/world
[0.825s] copying world/drone_race_track_2018_actual_with_gatepapers.world -> /home/yoon/yoon_urdf/install/urdf_tuto/share/urdf_tuto/world
[0.826s] copying world/yosemite.world -> /home/yoon/yoon_urdf/install/urdf_tuto/share/urdf_tuto/world
[0.826s] copying world/fetchit_challenge_arena_montreal2019_highlights.world -> /home/yoon/yoon_urdf/install/urdf_tuto/share/urdf_tuto/world
[0.826s] copying world/fetchit_challenge_atrezzo.world -> /home/yoon/yoon_urdf/install/urdf_tuto/share/urdf_tuto/world
[0.826s] copying world/warehouse.world -> /home/yoon/yoon_urdf/install/urdf_tuto/share/urdf_tuto/world
[0.826s] copying world/small_city.world -> /home/yoon/yoon_urdf/install/urdf_tuto/share/urdf_tuto/world
[0.827s] copying world/agriculture.world -> /home/yoon/yoon_urdf/install/urdf_tuto/share/urdf_tuto/world
[0.827s] copying world/hemicyl.world -> /home/yoon/yoon_urdf/install/urdf_tuto/share/urdf_tuto/world
[0.827s] copying world/neighborhood.world -> /home/yoon/yoon_urdf/install/urdf_tuto/share/urdf_tuto/world
[0.827s] copying world/fetchit_challenge_arena_montreal2019_onlylights.world -> /home/yoon/yoon_urdf/install/urdf_tuto/share/urdf_tuto/world
[0.828s] copying world/test_zone.world -> /home/yoon/yoon_urdf/install/urdf_tuto/share/urdf_tuto/world
[0.828s] copying world/city_osm_roundabout_combined.world -> /home/yoon/yoon_urdf/install/urdf_tuto/share/urdf_tuto/world
[0.828s] copying world/waypoint.world -> /home/yoon/yoon_urdf/install/urdf_tuto/share/urdf_tuto/world
[0.828s] copying world/outdoor.world -> /home/yoon/yoon_urdf/install/urdf_tuto/share/urdf_tuto/world
[0.828s] copying world/barrels.world -> /home/yoon/yoon_urdf/install/urdf_tuto/share/urdf_tuto/world
[0.829s] copying world/azcar.world -> /home/yoon/yoon_urdf/install/urdf_tuto/share/urdf_tuto/world
[0.829s] copying world/cyberzoo_4_panels.world -> /home/yoon/yoon_urdf/install/urdf_tuto/share/urdf_tuto/world
[0.829s] copying world/office_earthquake.world -> /home/yoon/yoon_urdf/install/urdf_tuto/share/urdf_tuto/world
[0.830s] copying world/cyberzoo_panel.world -> /home/yoon/yoon_urdf/install/urdf_tuto/share/urdf_tuto/world
[0.831s] copying world/office_env_large.world -> /home/yoon/yoon_urdf/install/urdf_tuto/share/urdf_tuto/world
[0.832s] copying world/cyberzoo2019_ralphthesis2020.world -> /home/yoon/yoon_urdf/install/urdf_tuto/share/urdf_tuto/world
[0.832s] copying world/cyberzoo2019_orange_poles.world -> /home/yoon/yoon_urdf/install/urdf_tuto/share/urdf_tuto/world
[0.833s] copying world/cyberzoo.world -> /home/yoon/yoon_urdf/install/urdf_tuto/share/urdf_tuto/world
[0.833s] copying world/empty_aerial_manipulation.world -> /home/yoon/yoon_urdf/install/urdf_tuto/share/urdf_tuto/world
[0.833s] copying world/asdfasdfasd.world -> /home/yoon/yoon_urdf/install/urdf_tuto/share/urdf_tuto/world
[0.833s] copying world/office_cpr_construction.world -> /home/yoon/yoon_urdf/install/urdf_tuto/share/urdf_tuto/world
[0.833s] copying world/simple_env_3.world -> /home/yoon/yoon_urdf/install/urdf_tuto/share/urdf_tuto/world
[0.834s] copying world/fetchit_challenge_tests_lowlights.world -> /home/yoon/yoon_urdf/install/urdf_tuto/share/urdf_tuto/world
[0.834s] copying world/workshop_example.world -> /home/yoon/yoon_urdf/install/urdf_tuto/share/urdf_tuto/world
[0.834s] copying world/rubble.world -> /home/yoon/yoon_urdf/install/urdf_tuto/share/urdf_tuto/world
[0.834s] copying world/fetchit_challenge_arena_montreal2019.world -> /home/yoon/yoon_urdf/install/urdf_tuto/share/urdf_tuto/world
[0.834s] copying world/simple_env_1.world -> /home/yoon/yoon_urdf/install/urdf_tuto/share/urdf_tuto/world
[0.835s] copying world/test_city.world -> /home/yoon/yoon_urdf/install/urdf_tuto/share/urdf_tuto/world
[0.835s] copying world/drone_race_track_2018_actual.world -> /home/yoon/yoon_urdf/install/urdf_tuto/share/urdf_tuto/world
[0.835s] copying world/obstacle.world -> /home/yoon/yoon_urdf/install/urdf_tuto/share/urdf_tuto/world
[0.835s] copying world/fetchit_challenge_simple_highlights.world -> /home/yoon/yoon_urdf/install/urdf_tuto/share/urdf_tuto/world
[0.836s] copying world/powerplant.world -> /home/yoon/yoon_urdf/install/urdf_tuto/share/urdf_tuto/world
[0.836s] copying world/office_small.world -> /home/yoon/yoon_urdf/install/urdf_tuto/share/urdf_tuto/world
[0.837s] copying world/fetchit_challenge_assembly.world -> /home/yoon/yoon_urdf/install/urdf_tuto/share/urdf_tuto/world
[0.837s] copying world/fetchit_challenge_simple.world -> /home/yoon/yoon_urdf/install/urdf_tuto/share/urdf_tuto/world
[0.837s] copying world/house.world -> /home/yoon/yoon_urdf/install/urdf_tuto/share/urdf_tuto/world
[0.837s] copying world/city_osm_roundabout.world -> /home/yoon/yoon_urdf/install/urdf_tuto/share/urdf_tuto/world
[0.837s] copying world/wall_aerial_manipulation.world -> /home/yoon/yoon_urdf/install/urdf_tuto/share/urdf_tuto/world
[0.837s] copying world/cyberzoo2019_orange_poles_panels_mats.world -> /home/yoon/yoon_urdf/install/urdf_tuto/share/urdf_tuto/world
[0.838s] copying world/skidpan.world -> /home/yoon/yoon_urdf/install/urdf_tuto/share/urdf_tuto/world
[0.838s] copying world/inspection.world -> /home/yoon/yoon_urdf/install/urdf_tuto/share/urdf_tuto/world
[0.838s] copying world/canyonview_field.world -> /home/yoon/yoon_urdf/install/urdf_tuto/share/urdf_tuto/world
[0.838s] creating /home/yoon/yoon_urdf/install/urdf_tuto/share/urdf_tuto/config
[0.838s] copying config/robot1.rviz -> /home/yoon/yoon_urdf/install/urdf_tuto/share/urdf_tuto/config
[0.839s] copying config/cartographer.lua -> /home/yoon/yoon_urdf/install/urdf_tuto/share/urdf_tuto/config
[0.839s] copying config/robot2.rviz -> /home/yoon/yoon_urdf/install/urdf_tuto/share/urdf_tuto/config
[0.839s] creating /home/yoon/yoon_urdf/install/urdf_tuto/share/urdf_tuto/yolo
[0.839s] copying yolo/yolov8n.pt -> /home/yoon/yoon_urdf/install/urdf_tuto/share/urdf_tuto/yolo
[0.846s] creating /home/yoon/yoon_urdf/install/urdf_tuto/share/urdf_tuto/fire_detect
[0.846s] copying fire_detect/fire_detector_01.py -> /home/yoon/yoon_urdf/install/urdf_tuto/share/urdf_tuto/fire_detect
[0.846s] copying fire_detect/roboflow_test.py -> /home/yoon/yoon_urdf/install/urdf_tuto/share/urdf_tuto/fire_detect
[0.846s] copying fire_detect/__init__.py -> /home/yoon/yoon_urdf/install/urdf_tuto/share/urdf_tuto/fire_detect
[0.846s] copying fire_detect/fire_detector.py -> /home/yoon/yoon_urdf/install/urdf_tuto/share/urdf_tuto/fire_detect
[0.846s] creating /home/yoon/yoon_urdf/install/urdf_tuto/share/urdf_tuto/drone_detector
[0.846s] copying drone_detector/__init__.py -> /home/yoon/yoon_urdf/install/urdf_tuto/share/urdf_tuto/drone_detector
[0.846s] copying drone_detector/drone_detector_01.py -> /home/yoon/yoon_urdf/install/urdf_tuto/share/urdf_tuto/drone_detector
[0.846s] copying drone_detector/drone_detector_phone.py -> /home/yoon/yoon_urdf/install/urdf_tuto/share/urdf_tuto/drone_detector
[0.846s] creating /home/yoon/yoon_urdf/install/urdf_tuto/share/urdf_tuto/maps
[0.846s] copying maps/my_city_map.yaml -> /home/yoon/yoon_urdf/install/urdf_tuto/share/urdf_tuto/maps
[0.846s] copying maps/my_first_map.pgm -> /home/yoon/yoon_urdf/install/urdf_tuto/share/urdf_tuto/maps
[0.846s] copying maps/my_city_map.pgm -> /home/yoon/yoon_urdf/install/urdf_tuto/share/urdf_tuto/maps
[0.847s] copying maps/my_first_map.yaml -> /home/yoon/yoon_urdf/install/urdf_tuto/share/urdf_tuto/maps
[0.847s] running install_egg_info
[0.849s] Copying ../../build/urdf_tuto/urdf_tuto.egg-info to /home/yoon/yoon_urdf/install/urdf_tuto/lib/python3.10/site-packages/urdf_tuto-0.0.0-py3.10.egg-info
[0.849s] running install_scripts
[0.862s] Installing drone_detector script to /home/yoon/yoon_urdf/install/urdf_tuto/lib/urdf_tuto
[0.862s] Installing fire_detector script to /home/yoon/yoon_urdf/install/urdf_tuto/lib/urdf_tuto
[0.862s] Installing yolo_detector script to /home/yoon/yoon_urdf/install/urdf_tuto/lib/urdf_tuto
[0.863s] writing list of installed files to '/home/yoon/yoon_urdf/build/urdf_tuto/install.log'
[0.876s] Invoked command in '/home/yoon/yoon_urdf/src/urdf_tuto' returned '0': PYTHONPATH=/home/yoon/yoon_urdf/build/urdf_tuto/prefix_override:/usr/lib/python3/dist-packages/colcon_core/task/python/colcon_distutils_commands:/home/yoon/yoon_urdf/install/urdf_tuto/lib/python3.10/site-packages:${PYTHONPATH} /usr/bin/python3 -W ignore:setup.py install is deprecated -W ignore:easy_install command is deprecated setup.py egg_info --egg-base ../../build/urdf_tuto build --build-base /home/yoon/yoon_urdf/build/urdf_tuto/build install --record /home/yoon/yoon_urdf/build/urdf_tuto/install.log --single-version-externally-managed install_data
