running egg_info
writing ../../build/urdf_tuto/urdf_tuto.egg-info/PKG-INFO
writing dependency_links to ../../build/urdf_tuto/urdf_tuto.egg-info/dependency_links.txt
writing entry points to ../../build/urdf_tuto/urdf_tuto.egg-info/entry_points.txt
writing requirements to ../../build/urdf_tuto/urdf_tuto.egg-info/requires.txt
writing top-level names to ../../build/urdf_tuto/urdf_tuto.egg-info/top_level.txt
reading manifest file '../../build/urdf_tuto/urdf_tuto.egg-info/SOURCES.txt'
writing manifest file '../../build/urdf_tuto/urdf_tuto.egg-info/SOURCES.txt'
running build
running build_py
running install
running install_lib
running install_data
copying launch/navigation.launch.py -> /home/yoon/yoon_urdf/install/urdf_tuto/share/urdf_tuto/launch
creating /home/yoon/yoon_urdf/install/urdf_tuto/share/urdf_tuto/maps
copying maps/my_city_map.yaml -> /home/yoon/yoon_urdf/install/urdf_tuto/share/urdf_tuto/maps
copying maps/my_first_map.pgm -> /home/yoon/yoon_urdf/install/urdf_tuto/share/urdf_tuto/maps
copying maps/my_city_map.pgm -> /home/yoon/yoon_urdf/install/urdf_tuto/share/urdf_tuto/maps
copying maps/my_first_map.yaml -> /home/yoon/yoon_urdf/install/urdf_tuto/share/urdf_tuto/maps
running install_egg_info
removing '/home/yoon/yoon_urdf/install/urdf_tuto/lib/python3.10/site-packages/urdf_tuto-0.0.0-py3.10.egg-info' (and everything under it)
Copying ../../build/urdf_tuto/urdf_tuto.egg-info to /home/yoon/yoon_urdf/install/urdf_tuto/lib/python3.10/site-packages/urdf_tuto-0.0.0-py3.10.egg-info
running install_scripts
Installing yolo_detector script to /home/yoon/yoon_urdf/install/urdf_tuto/lib/urdf_tuto
writing list of installed files to '/home/yoon/yoon_urdf/build/urdf_tuto/install.log'
