[0.643s] Invoking command in '/home/yoon/yoon_urdf/src/urdf_tuto': PYTHONPATH=/home/yoon/yoon_urdf/build/urdf_tuto/prefix_override:/usr/lib/python3/dist-packages/colcon_core/task/python/colcon_distutils_commands:/home/yoon/yoon_urdf/install/urdf_tuto/lib/python3.10/site-packages:${PYTHONPATH} /usr/bin/python3 -W ignore:setup.py install is deprecated -W ignore:easy_install command is deprecated setup.py egg_info --egg-base ../../build/urdf_tuto build --build-base /home/yoon/yoon_urdf/build/urdf_tuto/build install --record /home/yoon/yoon_urdf/build/urdf_tuto/install.log --single-version-externally-managed install_data
[0.815s] running egg_info
[0.815s] writing ../../build/urdf_tuto/urdf_tuto.egg-info/PKG-INFO
[0.815s] writing dependency_links to ../../build/urdf_tuto/urdf_tuto.egg-info/dependency_links.txt
[0.815s] writing entry points to ../../build/urdf_tuto/urdf_tuto.egg-info/entry_points.txt
[0.815s] writing requirements to ../../build/urdf_tuto/urdf_tuto.egg-info/requires.txt
[0.815s] writing top-level names to ../../build/urdf_tuto/urdf_tuto.egg-info/top_level.txt
[0.817s] reading manifest file '../../build/urdf_tuto/urdf_tuto.egg-info/SOURCES.txt'
[0.818s] writing manifest file '../../build/urdf_tuto/urdf_tuto.egg-info/SOURCES.txt'
[0.818s] running build
[0.818s] running build_py
[0.818s] running install
[0.818s] running install_lib
[0.819s] running install_data
[0.819s] copying launch/navigation.launch.py -> /home/yoon/yoon_urdf/install/urdf_tuto/share/urdf_tuto/launch
[0.820s] creating /home/yoon/yoon_urdf/install/urdf_tuto/share/urdf_tuto/maps
[0.821s] copying maps/my_city_map.yaml -> /home/yoon/yoon_urdf/install/urdf_tuto/share/urdf_tuto/maps
[0.821s] copying maps/my_first_map.pgm -> /home/yoon/yoon_urdf/install/urdf_tuto/share/urdf_tuto/maps
[0.821s] copying maps/my_city_map.pgm -> /home/yoon/yoon_urdf/install/urdf_tuto/share/urdf_tuto/maps
[0.821s] copying maps/my_first_map.yaml -> /home/yoon/yoon_urdf/install/urdf_tuto/share/urdf_tuto/maps
[0.821s] running install_egg_info
[0.822s] removing '/home/yoon/yoon_urdf/install/urdf_tuto/lib/python3.10/site-packages/urdf_tuto-0.0.0-py3.10.egg-info' (and everything under it)
[0.822s] Copying ../../build/urdf_tuto/urdf_tuto.egg-info to /home/yoon/yoon_urdf/install/urdf_tuto/lib/python3.10/site-packages/urdf_tuto-0.0.0-py3.10.egg-info
[0.823s] running install_scripts
[0.835s] Installing yolo_detector script to /home/yoon/yoon_urdf/install/urdf_tuto/lib/urdf_tuto
[0.835s] writing list of installed files to '/home/yoon/yoon_urdf/build/urdf_tuto/install.log'
[0.858s] Invoked command in '/home/yoon/yoon_urdf/src/urdf_tuto' returned '0': PYTHONPATH=/home/yoon/yoon_urdf/build/urdf_tuto/prefix_override:/usr/lib/python3/dist-packages/colcon_core/task/python/colcon_distutils_commands:/home/yoon/yoon_urdf/install/urdf_tuto/lib/python3.10/site-packages:${PYTHONPATH} /usr/bin/python3 -W ignore:setup.py install is deprecated -W ignore:easy_install command is deprecated setup.py egg_info --egg-base ../../build/urdf_tuto build --build-base /home/yoon/yoon_urdf/build/urdf_tuto/build install --record /home/yoon/yoon_urdf/build/urdf_tuto/install.log --single-version-externally-managed install_data
